============================================================
  Generated by:           Genus(TM) Synthesis Solution 22.14-s059_1
  Generated on:           Jun 26 2026  04:48:00 pm
  Module:                 ariscv
  Operating conditions:   PVT_0P9V_125C 
  Interconnect mode:      global
  Area mode:              physical library
============================================================

        Instance                              Module                        Cell Count  Cell Area  Net Area   Total Area 
-------------------------------------------------------------------------------------------------------------------------
ariscv                                                                            5967   5828.792  4455.638    10284.430 
  uu_ctrlpath           ariscv_ctrlpath_NBW_ACLK6_DELAY_PC_FD11_DELAY_FD_D         234    159.115   109.904      269.019 
    uu_cell_DE          lc_cell_INIT1_1                                             11      9.149     4.682       13.831 
      uu_c_element      c_element_asym_INIT0_3                                       4      3.933     1.228        5.161 
      uu_c_element_mid  c_element_asym_INIT0_228                                     4      3.933     1.228        5.161 
    uu_cell_EM          lc_cell_INIT0_1                                             13     10.431     5.501       15.932 
      uu_c_element      c_element_asym_INIT1_3                                       5      4.702     1.638        6.340 
      uu_c_element_mid  c_element_asym_INIT1_230                                     5      4.702     1.638        6.340 
    uu_cell_FD          lc_cell_INIT0                                               13     10.431     5.501       15.932 
      uu_c_element      c_element_asym_INIT1_1                                       5      4.702     1.638        6.340 
      uu_c_element_mid  c_element_asym_INIT1                                         5      4.702     1.638        6.340 
    uu_cell_LOOP1       lc_cell_INIT0_3                                             13     10.431     5.501       15.932 
      uu_c_element      c_element_asym_INIT1_7                                       5      4.702     1.638        6.340 
      uu_c_element_mid  c_element_asym_INIT1_6                                       5      4.702     1.638        6.340 
    uu_cell_LOOP2       lc_cell_INIT0_4                                             13     10.431     5.501       15.932 
      uu_c_element      c_element_asym_INIT1_9                                       5      4.702     1.638        6.340 
      uu_c_element_mid  c_element_asym_INIT1_8                                       5      4.702     1.638        6.340 
    uu_cell_MW          lc_cell_INIT1_2                                             11      8.550     4.682       13.232 
      uu_c_element      c_element_asym_INIT0_5                                       4      3.933     1.228        5.161 
      uu_c_element_mid  c_element_asym_INIT0_227                                     4      3.933     1.228        5.161 
    uu_cell_PC          lc_cell_INIT1                                               11      8.892     4.682       13.574 
      uu_c_element      c_element_asym_INIT0_1                                       4      3.933     1.228        5.161 
      uu_c_element_mid  c_element_asym_INIT0                                         4      3.933     1.228        5.161 
    uu_cell_REG         lc_cell_INIT0_2                                             13     10.089     5.501       15.590 
      uu_c_element      c_element_asym_INIT1_5                                       5      4.702     1.638        6.340 
      uu_c_element_mid  c_element_asym_INIT1_229                                     5      4.702     1.638        6.340 
    uu_dly_DE_EM        delay_DELAY15                                               15      6.412     5.732       12.144 
    uu_dly_DE_PC        delay_DELAY22                                               22      9.405     8.598       18.003 
    uu_dly_EM_MW        delay_DELAY5_233                                             5      2.138     1.638        3.775 
    uu_dly_FD_J2        delay_DELAY12                                               12      5.130     4.504        9.634 
    uu_dly_LOOP_2       delay_DELAY20                                               20      8.550     7.779       16.329 
    uu_dly_MW_REG       delay_DELAY7                                                 7      2.993     2.457        5.449 
    uu_dly_PC_FD        delay_DELAY5                                                 5      2.138     1.638        3.775 
    uu_dly_PC_L1        delay_DELAY13                                               13      5.558     4.913       10.471 
    uu_dly_REG_J2       delay_DELAY7_1                                               7      2.993     2.457        5.449 
    uu_fork_DE_LOOP     ctrl_fork_INIT0                                              5      5.899     1.638        7.537 
      uu_c_element_fork c_element_INIT0                                              5      5.899     1.638        7.537 
    uu_fork_F1          ctrl_fork_INIT0_1                                            5      5.899     1.638        7.537 
      uu_c_element_fork c_element_INIT0_2                                            5      5.899     1.638        7.537 
    uu_fork_F2          ctrl_fork_INIT0_2                                            5      5.899     1.638        7.537 
      uu_c_element_fork c_element_INIT0_3                                            5      5.899     1.638        7.537 
    uu_join_J1          ctrl_join_INIT0_232                                          5      5.899     1.638        7.537 
      uu_c_element_join c_element_INIT0_225                                          5      5.899     1.638        7.537 
    uu_join_J2          ctrl_join_INIT0_231                                          5      5.899     1.638        7.537 
      uu_c_element_join c_element_INIT0_224                                          5      5.899     1.638        7.537 
    uu_join_LOOP_DE     ctrl_join_INIT0                                              5      5.899     1.638        7.537 
      uu_c_element_join c_element_INIT0_226                                          5      5.899     1.638        7.537 
  uu_dtpath             ariscv_dtpath_NBW_ACLK6_NBW_INST32_NBW_REGISTER32_        5733   5669.676  4243.474     9913.150 
    uu_dec              ariscv_dec_NBW_INST32_NBW_PC32_NBW_REGISTER32_NBW_        3110   3522.001  2251.791     5773.793 
      uu_ctrl_unit      ctrl_unit                                                   46     27.274    18.088       45.363 
      uu_extend         extend_NBW_INST32_NBW_REGISTER32                            49     24.624    18.938       43.562 
      uu_reg_file       reg_file_NBW_ADDR5_NBW_DATA32                             2659   3118.441  2067.940     5186.381 
    uu_exec             ariscv_exec_NBW_PC32_NBW_REGISTER32_NBW_ADDR5             1804   1217.605  1120.746     2338.352 
      uu_alu            alu_NBW_DATA32                                            1361    836.960   870.831     1707.790 
    uu_fetch            ariscv_fetch_NBW_INST32_NBW_PC32                           365    418.608   140.358      558.966 
    uu_mem              ariscv_mem_NBW_REGISTER32_NBW_ADDR5_NBW_PC32               136    209.304     0.000      209.304 
    uu_wb               ariscv_wb_NBW_REGISTER32_NBW_PC32_NBW_ADDR5                102     77.976    53.792      131.768 
