============================================================
  Generated by:           Genus(TM) Synthesis Solution 22.14-s059_1
  Generated on:           Jul 23 2026  07:48:17 pm
  Module:                 ariscv
  Operating conditions:   PVT_0P9V_125C 
  Interconnect mode:      global
  Area mode:              physical library
============================================================

	Timing
	------

 Slack             Endpoint            Cost Group 
-------------------------------------------------------
   +0ps uu_dtpath/uu_dec/o_pc_reg[8]/D clk        


	Area
	----

Instance Module  Cell Count  Cell Area  Net Area   Total Area 
--------------------------------------------------------------
ariscv                 5268   5084.172  4090.665     9174.837 

	Design Rule Check
	-----------------

Max_transition design rule: no violations.

Max_capacitance design rule: no violations.



