============================================================
  Generated by:           Genus(TM) Synthesis Solution 22.14-s059_1
  Generated on:           Jun 02 2026  09:19:29 pm
  Module:                 ariscv
  Operating conditions:   PVT_0P9V_125C 
  Interconnect mode:      global
  Area mode:              physical library
============================================================


Path 1: MET (0 ps) Setup Check with Pin uu_dtpath/uu_fetch/pc_plus4_ff_reg[8]/CK->D
          Group: CAPTURE_PC_FD
     Startpoint: (R) uu_dtpath/uu_fetch/pc_ff_reg[2]/CK
          Clock: (F) ACLK_PC_0
       Endpoint: (R) uu_dtpath/uu_fetch/pc_plus4_ff_reg[8]/D
          Clock: (F) CAPTURE_PC_FD

                        Capture       Launch     
           Path Delay:+    1200            -     
          Src Latency:+       0            0     
          Net Latency:+       0 (I)        0 (I) 
        Capture Clock:+       0                  
              Arrival:=    1200            0     
                                                 
                Setup:-     143                  
          Uncertainty:-     100                  
        Required Time:=     957                  
         Launch Clock:-       0                  
            Data Path:-     957                  
                Slack:=       0                  

Exceptions/Constraints:
  max_delay             1200            del_1 

#----------------------------------------------------------------------------------------------------------------
#              Timing Point               Flags   Arc   Edge   Cell     Fanout Load Trans Delay Arrival Instance 
#                                                                              (fF)  (ps)  (ps)   (ps)  Location 
#----------------------------------------------------------------------------------------------------------------
  uu_dtpath/uu_fetch/pc_ff_reg[2]/CK      -       -     R     (arrival)     34    -    50     0       0    (-,-) 
  uu_dtpath/uu_fetch/pc_ff_reg[2]/Q       -       CK->Q R     SDFFRHQX4      4  6.8    63   304     304    (-,-) 
  uu_dtpath/uu_fetch/add_42_30_g2443/Y    -       A->Y  R     CLKAND2X6      2  7.0    43   124     427    (-,-) 
  uu_dtpath/uu_fetch/add_42_30_g2400/Y    -       B->Y  F     NAND2X8        2  6.5    86    76     503    (-,-) 
  uu_dtpath/uu_fetch/fopt2599/Y           -       A->Y  R     INVX3          3  7.7    71    79     582    (-,-) 
  uu_dtpath/uu_fetch/fopt2469/Y           -       A->Y  F     INVX3          3  6.0    70    74     656    (-,-) 
  uu_dtpath/uu_fetch/add_42_30_g2389/Y    -       A->Y  R     NOR2X2         1  2.5    83    96     752    (-,-) 
  uu_dtpath/uu_fetch/add_42_30_g2371/Y    -       B->Y  R     CLKXOR2X1      2  3.9    99   205     957    (-,-) 
  uu_dtpath/uu_fetch/pc_plus4_ff_reg[8]/D <<<     -     R     DFFRHQX1       2    -     -     0     957    (-,-) 
#----------------------------------------------------------------------------------------------------------------

