============================================================
  Generated by:           Genus(TM) Synthesis Solution 22.14-s059_1
  Generated on:           Jul 14 2026  10:03:59 pm
  Module:                 ariscv
  Operating conditions:   PVT_0P9V_125C 
  Interconnect mode:      global
  Area mode:              physical library
============================================================

                                
   Gate     Instances    Area       Library    
-----------------------------------------------
ADDHX1              2     1.881    slow_vdd1v0 
AND2X1             70    23.940    slow_vdd1v0 
AND2X2              3     1.282    slow_vdd1v0 
AND2X4              1     0.684    slow_vdd1v0 
AND2X6             85    79.942    slow_vdd1v0 
AND2X8             12    13.338    slow_vdd1v0 
AND3X1              2     1.197    slow_vdd1v0 
AND3X4              1     0.769    slow_vdd1v0 
AND3X6              2     2.223    slow_vdd1v0 
AND3XL             34    17.442    slow_vdd1v0 
AO21X1             10     5.985    slow_vdd1v0 
AO21X2              1     0.684    slow_vdd1v0 
AO21X4              1     0.855    slow_vdd1v0 
AO22X1            428   292.752    slow_vdd1v0 
AO22X2              4     3.078    slow_vdd1v0 
AO22X4              3     2.821    slow_vdd1v0 
AOI211X1           10     5.985    slow_vdd1v0 
AOI211X2            6     5.130    slow_vdd1v0 
AOI211X4            4     6.498    slow_vdd1v0 
AOI21X1            43    18.383    slow_vdd1v0 
AOI21X2            25    17.100    slow_vdd1v0 
AOI21X4             8    10.260    slow_vdd1v0 
AOI221X1          345   206.483    slow_vdd1v0 
AOI221X2           56    62.244    slow_vdd1v0 
AOI221X4            4     7.866    slow_vdd1v0 
AOI222X1            2     1.539    slow_vdd1v0 
AOI222X2           64    87.552    slow_vdd1v0 
AOI22X1           227   116.451    slow_vdd1v0 
AOI22X2            45    42.322    slow_vdd1v0 
AOI22X4            40    61.560    slow_vdd1v0 
AOI2BB1X1          15     7.695    slow_vdd1v0 
AOI2BB1X2          23    17.698    slow_vdd1v0 
AOI2BB1X4          13    13.338    slow_vdd1v0 
AOI2BB2X2           4     5.130    slow_vdd1v0 
AOI2BB2X4           2     3.762    slow_vdd1v0 
AOI31X2             2     1.710    slow_vdd1v0 
AOI32X2             2     2.223    slow_vdd1v0 
BUFX12              2     2.565    slow_vdd1v0 
BUFX16              1     1.710    slow_vdd1v0 
BUFX2             136    58.140    slow_vdd1v0 
BUFX3               2     1.026    slow_vdd1v0 
CLKAND2X12          4     7.524    slow_vdd1v0 
CLKAND2X2          15     7.695    slow_vdd1v0 
CLKAND2X3           6     4.617    slow_vdd1v0 
CLKAND2X6          26    31.122    slow_vdd1v0 
CLKBUFX2            1     0.427    slow_vdd1v0 
CLKINVX12           9     9.234    slow_vdd1v0 
CLKINVX16           3     4.104    slow_vdd1v0 
CLKINVX20           6     9.747    slow_vdd1v0 
CLKINVX3            1     0.427    slow_vdd1v0 
CLKINVX4            2     0.855    slow_vdd1v0 
CLKINVX6            3     1.796    slow_vdd1v0 
CLKINVX8            2     1.539    slow_vdd1v0 
CLKMX2X2           47    36.166    slow_vdd1v0 
CLKMX2X3           19    19.494    slow_vdd1v0 
CLKMX2X4            1     1.026    slow_vdd1v0 
CLKXOR2X1          26    17.784    slow_vdd1v0 
DFFRHQX1          608   935.712    slow_vdd1v0 
DFFRHQX2           19    37.364    slow_vdd1v0 
DFFRHQX4           41    98.154    slow_vdd1v0 
DFFRHQX8            2     5.643    slow_vdd1v0 
DFFRX1              1     1.710    slow_vdd1v0 
DFFRX2              1     1.881    slow_vdd1v0 
INVX1             124    21.204    slow_vdd1v0 
INVX2              38     9.747    slow_vdd1v0 
INVX20              5     8.123    slow_vdd1v0 
INVX3              15     5.130    slow_vdd1v0 
INVX4               1     0.427    slow_vdd1v0 
INVX8              27    20.776    slow_vdd1v0 
INVXL               8     1.368    slow_vdd1v0 
MX2X1             187   111.919    slow_vdd1v0 
MXI2X1             11     7.524    slow_vdd1v0 
MXI2X2             16    17.784    slow_vdd1v0 
MXI2X4              1     1.282    slow_vdd1v0 
NAND2BX1           59    20.178    slow_vdd1v0 
NAND2BX2           19    11.372    slow_vdd1v0 
NAND2BX4            7     6.583    slow_vdd1v0 
NAND2X1           132    33.858    slow_vdd1v0 
NAND2X2            59    25.223    slow_vdd1v0 
NAND2X4            17    14.535    slow_vdd1v0 
NAND2X6            33    39.501    slow_vdd1v0 
NAND2X8            11    15.048    slow_vdd1v0 
NAND3BX1            4     2.052    slow_vdd1v0 
NAND3BX2            7     5.386    slow_vdd1v0 
NAND3X1            32    13.680    slow_vdd1v0 
NAND3X2            35    23.940    slow_vdd1v0 
NAND3X4             9    10.773    slow_vdd1v0 
NAND4X2            33    31.037    slow_vdd1v0 
NOR2BX1           257    87.894    slow_vdd1v0 
NOR2BX2            26    17.784    slow_vdd1v0 
NOR2BX4             5     4.702    slow_vdd1v0 
NOR2X1             63    16.160    slow_vdd1v0 
NOR2X2             60    25.650    slow_vdd1v0 
NOR2X4             34    26.163    slow_vdd1v0 
NOR2X6             11    11.286    slow_vdd1v0 
NOR2X8              9    12.312    slow_vdd1v0 
NOR3BX1            31    15.903    slow_vdd1v0 
NOR3BX2             6     5.130    slow_vdd1v0 
NOR3X1              3     1.282    slow_vdd1v0 
NOR3X2              1     0.684    slow_vdd1v0 
NOR3X4              4     5.130    slow_vdd1v0 
NOR3X6              1     1.796    slow_vdd1v0 
NOR3X8              1     2.223    slow_vdd1v0 
NOR4BX2             1     1.197    slow_vdd1v0 
OA21X1             44    22.572    slow_vdd1v0 
OA21X4              1     0.941    slow_vdd1v0 
OA22X1             35    20.948    slow_vdd1v0 
OA22X4              3     3.078    slow_vdd1v0 
OAI211X2            3     3.078    slow_vdd1v0 
OAI211X4            2     3.249    slow_vdd1v0 
OAI21X1            66    28.215    slow_vdd1v0 
OAI21X2            48    36.936    slow_vdd1v0 
OAI21X4            18    21.546    slow_vdd1v0 
OAI221X2            6     7.182    slow_vdd1v0 
OAI221X4            1     1.966    slow_vdd1v0 
OAI222X2            3     4.361    slow_vdd1v0 
OAI222X4            1     2.308    slow_vdd1v0 
OAI22X1            12     6.156    slow_vdd1v0 
OAI22X2            16    13.680    slow_vdd1v0 
OAI22X4             2     3.249    slow_vdd1v0 
OAI2BB1X1          74    31.635    slow_vdd1v0 
OAI2BB1X2          26    20.007    slow_vdd1v0 
OAI2BB1X4          22    24.453    slow_vdd1v0 
OAI2BB2X1           2     2.052    slow_vdd1v0 
OAI2BB2X2           4     5.472    slow_vdd1v0 
OAI2BB2X4          13    27.788    slow_vdd1v0 
OAI31X1             3     1.539    slow_vdd1v0 
OAI31X2             7     6.583    slow_vdd1v0 
OAI31X4             2     3.420    slow_vdd1v0 
OAI32X2             2     2.223    slow_vdd1v0 
OR2X1              76    25.992    slow_vdd1v0 
OR2X2               5     2.138    slow_vdd1v0 
OR2X4              12     8.208    slow_vdd1v0 
OR2X6              96    90.288    slow_vdd1v0 
OR2X8              10    11.115    slow_vdd1v0 
OR3X1              70    35.910    slow_vdd1v0 
OR4X1               4     2.052    slow_vdd1v0 
SDFFRHQX1         994  2039.688    slow_vdd1v0 
XNOR2X1            66    39.501    slow_vdd1v0 
XNOR3XL             1     1.881    slow_vdd1v0 
XOR2X4              2     2.052    slow_vdd1v0 
-----------------------------------------------
total            5738  5704.475                


                                         
     Type      Instances   Area   Area % 
-----------------------------------------
sequential          1666 3120.151   54.7 
inverter             244   94.478    1.7 
buffer               142   63.869    1.1 
logic               3686 2425.977   42.5 
physical_cells         0    0.000    0.0 
-----------------------------------------
total               5738 5704.475  100.0 

