============================================================
  Generated by:           Genus(TM) Synthesis Solution 22.14-s059_1
  Generated on:           Jul 09 2026  04:02:31 pm
  Module:                 ariscv
  Operating conditions:   PVT_0P9V_125C 
  Interconnect mode:      global
  Area mode:              physical library
============================================================

Timing
--------

Clock Period 
-------------
clk   4400.0 


  Cost    Critical         Violating 
 Group   Path Slack  TNS     Paths   
-------------------------------------
clk             0.0   0.0          0 
default    No paths   0.0            
-------------------------------------
Total                 0.0          0 

Instance Count
--------------
Leaf Instance Count             6456 
Physical Instance count            0 
Sequential Instance Count       1581 
Combinational Instance Count    4875 
Hierarchical Instance Count       10 

Area
----
Cell Area                          6433.276
Physical Cell Area                 0.000
Total Cell Area (Cell+Physical)    6433.276
Net Area                           4813.085
Total Area (Cell+Physical+Net)     11246.361

Max Fanout                         992 (uu_dtpath/uu_dec/uu_reg_file/clk)
Min Fanout                         0 (rst_async_n)
Average Fanout                     2.8
Terms to net ratio                 4.0429
Terms to instance ratio            4.1493
Runtime                            149.1009780000001 seconds
Elapsed Runtime                    147 seconds
Genus peak memory usage            1690.00 
Innovus peak memory usage          no_value 
Hostname                           microeletronica
