============================================================
  Generated by:           Genus(TM) Synthesis Solution 22.14-s059_1
  Generated on:           Jul 01 2026  09:17:27 am
  Module:                 ariscv
  Operating conditions:   PVT_0P9V_125C 
  Interconnect mode:      global
  Area mode:              physical library
============================================================


Path 1: MET (2 ps) Setup Check with Pin uu_dtpath/uu_exec/o_pcTarget_ff_reg[31]/CK->D
          Group: CAPTURE_DE_EM
     Startpoint: (R) uu_dtpath/uu_dec/rd1_ff_reg[1]/CK
          Clock: (R) ACLK_DE_2
       Endpoint: (R) uu_dtpath/uu_exec/o_pcTarget_ff_reg[31]/D
          Clock: (R) CAPTURE_DE_EM

                        Capture       Launch     
           Path Delay:+    3200            -     
          Src Latency:+       0            0     
          Net Latency:+       0 (I)        0 (I) 
        Capture Clock:+       0                  
              Arrival:=    3200            0     
                                                 
                Setup:-     141                  
          Uncertainty:-     100                  
        Required Time:=    2959                  
         Launch Clock:-       0                  
            Data Path:-    2957                  
                Slack:=       2                  

Exceptions/Constraints:
  max_delay             3200            del_3 

Launch clock path:
#-------------------------------------------------------------------------------------------------------------------------------------
#                        Timing Point                          Flags   Arc   Edge   Cell     Fanout Load Trans Delay Arrival Instance 
#                                                                                                   (fF)  (ps)  (ps)   (ps)  Location 
#-------------------------------------------------------------------------------------------------------------------------------------
  uu_ctrlpath/uu_cell_DE/uu_c_element/genblk1.DRV_DONT_TOUCH/Y (i,b)   -     R     (arrival)    183  0.0     0     0       0    (-,-) 
  uu_dtpath/uu_dec/rd1_ff_reg[1]/CK                            <<<     -     R     DFFRX2       183    -    50     0       0    (-,-) 
#-------------------------------------------------------------------------------------------------------------------------------------

#-------------------------------------------------------------------------------------------------------------------------
#                  Timing Point                   Flags    Arc   Edge   Cell     Fanout Load Trans Delay Arrival Instance 
#                                                                                       (fF)  (ps)  (ps)   (ps)  Location 
#-------------------------------------------------------------------------------------------------------------------------
  uu_dtpath/uu_dec/rd1_ff_reg[1]/CK               -       -      R     (arrival)    183    -    50     0       0    (-,-) 
  uu_dtpath/uu_dec/rd1_ff_reg[1]/Q                -       CK->Q  R     DFFRX2        13 18.4   218   396     396    (-,-) 
  uu_dtpath/uu_exec/g703/Y                        -       B->Y   R     MX2X1          2  4.8   118   310     707    (-,-) 
  uu_dtpath/uu_exec/add_60_47_Y_add_60_77_g1309/Y -       B->Y   F     NAND2X2        2  4.8   174   162     869    (-,-) 
  uu_dtpath/uu_exec/add_60_47_Y_add_60_77_g1205/Y -       B0->Y  R     OAI21X4        2  3.8    86   103     972    (-,-) 
  uu_dtpath/uu_exec/g1329/Y                       -       AN->Y  R     NOR2BX2        1  2.9   106   169    1141    (-,-) 
  uu_dtpath/uu_exec/add_60_47_Y_add_60_77_g1191/Y -       B->Y   F     NOR2X2         2  5.0    97   104    1244    (-,-) 
  uu_dtpath/uu_exec/add_60_47_Y_add_60_77_g1189/Y -       B->Y   R     NOR2X4         1  3.7    73    86    1330    (-,-) 
  uu_dtpath/uu_exec/add_60_47_Y_add_60_77_g1187/Y -       B->Y   F     NOR2X4         2  5.7    71    68    1399    (-,-) 
  uu_dtpath/uu_exec/add_60_47_Y_add_60_77_g1185/Y -       B->Y   R     NOR2X6         2  5.2    76    72    1470    (-,-) 
  uu_dtpath/uu_exec/add_60_47_Y_add_60_77_g1181/Y -       A1->Y  F     AOI21X4        4  7.6   168   142    1612    (-,-) 
  uu_dtpath/uu_exec/add_60_47_Y_add_60_77_g1178/Y -       B->Y   R     NOR2X4         1  4.5    90   123    1735    (-,-) 
  uu_dtpath/uu_exec/add_60_47_Y_add_60_77_g1175/Y -       B->Y   F     NOR2X6         2  4.9    60    67    1802    (-,-) 
  uu_dtpath/uu_exec/add_60_47_Y_add_60_77_g1170/Y -       B->Y   R     NOR2X4         1  3.7    77    69    1872    (-,-) 
  uu_dtpath/uu_exec/add_60_47_Y_add_60_77_g1166/Y -       B->Y   F     NOR2X4         2  5.7    84    70    1942    (-,-) 
  uu_dtpath/uu_exec/add_60_47_Y_add_60_77_g1161/Y -       B->Y   R     NOR2X6         1  4.5    71    74    2016    (-,-) 
  uu_dtpath/uu_exec/add_60_47_Y_add_60_77_g1156/Y -       B->Y   F     NOR2X6         3  7.5    71    65    2081    (-,-) 
  uu_dtpath/uu_exec/add_60_47_Y_add_60_77_g1151/Y -       B->Y   R     NOR2X6         1  4.5    63    69    2150    (-,-) 
  uu_dtpath/uu_exec/add_60_47_Y_add_60_77_g1146/Y -       B->Y   F     NOR2X6         4  7.4    71    60    2210    (-,-) 
  uu_dtpath/uu_exec/add_60_47_Y_add_60_77_g1142/Y -       B->Y   R     NOR2X4         1  3.7    70    74    2284    (-,-) 
  uu_dtpath/uu_exec/add_60_47_Y_add_60_77_g1136/Y -       B->Y   F     NOR2X4         2  3.9    66    61    2345    (-,-) 
  uu_dtpath/uu_exec/g1344/Y                       -       A1N->Y F     AOI2BB1X4      2  5.1    71   178    2523    (-,-) 
  uu_dtpath/uu_exec/add_60_47_Y_add_60_77_g1124/Y -       A1->Y  R     OAI21X4        2  5.2   100    96    2618    (-,-) 
  uu_dtpath/uu_exec/add_60_47_Y_add_60_77_g1121/Y -       A1->Y  F     AOI21X4        1  2.5    91   114    2733    (-,-) 
  uu_dtpath/uu_exec/add_60_47_Y_add_60_77_g1120/Y -       B->Y   R     XNOR2X1        2  3.7    94   224    2957    (-,-) 
  uu_dtpath/uu_exec/o_pcTarget_ff_reg[31]/D       -       -      R     DFFRHQX1       2    -     -     0    2957    (-,-) 
#-------------------------------------------------------------------------------------------------------------------------

Capture clock path:
#-------------------------------------------------------------------------------------------------------------------------------------
#                        Timing Point                          Flags   Arc   Edge   Cell     Fanout Load Trans Delay Arrival Instance 
#                                                                                                   (fF)  (ps)  (ps)   (ps)  Location 
#-------------------------------------------------------------------------------------------------------------------------------------
  uu_ctrlpath/uu_cell_EM/uu_c_element/genblk1.DRV_DONT_TOUCH/Y (i,b)   -     R     (arrival)    145  0.0     0     0    3200    (-,-) 
  uu_dtpath/uu_exec/o_pcTarget_ff_reg[31]/CK                   <<<     -     R     DFFRHQX1     145    -    50     0    3200    (-,-) 
#-------------------------------------------------------------------------------------------------------------------------------------

