============================================================
  Generated by:           Genus(TM) Synthesis Solution 22.14-s059_1
  Generated on:           Jun 24 2026  04:21:58 pm
  Module:                 ariscv
  Operating conditions:   PVT_0P9V_125C 
  Interconnect mode:      global
  Area mode:              physical library
============================================================


Path 1: MET (1 ps) Setup Check with Pin uu_dtpath/uu_fetch/pc_plus4_ff_reg[28]/CK->D
          Group: CAPTURE_PC_FD
     Startpoint: (R) uu_dtpath/uu_fetch/pc_ff_reg[19]/CK
          Clock: (F) ACLK_PC_0
       Endpoint: (F) uu_dtpath/uu_fetch/pc_plus4_ff_reg[28]/D
          Clock: (F) CAPTURE_PC_FD

                        Capture       Launch     
           Path Delay:+    1200            -     
          Src Latency:+       0            0     
          Net Latency:+       0 (I)        0 (I) 
        Capture Clock:+       0                  
              Arrival:=    1200            0     
                                                 
                Setup:-      80                  
          Uncertainty:-     100                  
        Required Time:=    1020                  
         Launch Clock:-       0                  
            Data Path:-    1020                  
                Slack:=       1                  

Exceptions/Constraints:
  max_delay             1200            del_1 

Launch clock path:
#-------------------------------------------------------------------------------------------------------------------------------------
#                        Timing Point                          Flags   Arc   Edge   Cell     Fanout Load Trans Delay Arrival Instance 
#                                                                                                   (fF)  (ps)  (ps)   (ps)  Location 
#-------------------------------------------------------------------------------------------------------------------------------------
  uu_ctrlpath/uu_cell_PC/uu_c_element/genblk1.DRV_DONT_TOUCH/Y (b)     -     F     (arrival)      3  5.3     0     0       0    (-,-) 
  uu_ctrlpath/uu_cell_PC/g10/Y                                 (i,m)   A->Y  R     INVXL         34  0.0     0     8       8    (-,-) 
  uu_dtpath/uu_fetch/pc_ff_reg[19]/CK                          <<<     -     R     DFFRHQX4      34    -    50     0       8    (-,-) 
#-------------------------------------------------------------------------------------------------------------------------------------

#------------------------------------------------------------------------------------------------------------------
#              Timing Point                Flags    Arc   Edge   Cell     Fanout Load Trans Delay Arrival Instance 
#                                                                                (fF)  (ps)  (ps)   (ps)  Location 
#------------------------------------------------------------------------------------------------------------------
  uu_dtpath/uu_fetch/pc_ff_reg[19]/CK      -       -      R     (arrival)     34    -    50     0       0    (-,-) 
  uu_dtpath/uu_fetch/pc_ff_reg[19]/Q       -       CK->Q  R     DFFRHQX4       5  9.9    79   312     312    (-,-) 
  uu_dtpath/uu_fetch/add_42_30_g2428/Y     -       B->Y   R     CLKAND2X6      3  7.8    46   122     434    (-,-) 
  uu_dtpath/uu_fetch/add_42_30_g2735/Y     -       B->Y   R     CLKAND2X6      6 14.0    66   119     554    (-,-) 
  uu_dtpath/uu_fetch/add_42_30_g2737/Y     -       B->Y   R     CLKAND2X6      3  7.2    44   115     669    (-,-) 
  uu_dtpath/uu_fetch/add_42_30_g2736/Y     -       B->Y   R     CLKAND2X6      1  5.3    38   102     772    (-,-) 
  uu_dtpath/uu_fetch/add_42_30_g2608/Y     -       B->Y   F     NAND2X8        2  4.9    75    67     838    (-,-) 
  uu_dtpath/uu_fetch/add_42_30_g2339/Y     -       A1N->Y F     OAI2BB2X4      2  3.7   124   181    1020    (-,-) 
  uu_dtpath/uu_fetch/pc_plus4_ff_reg[28]/D -       -      F     DFFRHQX1       2    -     -     0    1020    (-,-) 
#------------------------------------------------------------------------------------------------------------------

Capture clock path:
#-------------------------------------------------------------------------------------------------------------------------------------
#                        Timing Point                          Flags   Arc   Edge   Cell     Fanout Load Trans Delay Arrival Instance 
#                                                                                                   (fF)  (ps)  (ps)   (ps)  Location 
#-------------------------------------------------------------------------------------------------------------------------------------
  uu_ctrlpath/uu_cell_FD/uu_c_element/genblk1.DRV_DONT_TOUCH/Y (b)     -     F     (arrival)      3  5.3     0     0    1200    (-,-) 
  uu_ctrlpath/uu_cell_FD/g10/Y                                 (i,m)   A->Y  R     INVXL         95  0.0     0     8    1208    (-,-) 
  uu_dtpath/uu_fetch/pc_plus4_ff_reg[28]/CK                    <<<     -     R     DFFRHQX1      95    -    50     0    1208    (-,-) 
#-------------------------------------------------------------------------------------------------------------------------------------

