============================================================
  Generated by:           Genus(TM) Synthesis Solution 22.14-s059_1
  Generated on:           Jun 26 2026  04:48:01 pm
  Module:                 ariscv
  Operating conditions:   PVT_0P9V_125C 
  Interconnect mode:      global
  Area mode:              physical library
============================================================


Path 1: MET (357 ps) Late External Delay Assertion at pin o_writeAddr[0]
          Group: CAPTURE_EM_MW
     Startpoint: (R) uu_dtpath/uu_exec/aluResult_ff_reg[0]/CK
          Clock: (F) ACLK_EM_3
       Endpoint: (R) o_writeAddr[0]
          Clock: (R) CAPTURE_EM_MW

                        Capture       Launch     
           Path Delay:+    1000            -     
          Src Latency:+       0            0     
          Net Latency:+       0 (I)        0 (I) 
        Capture Clock:+       0                  
              Arrival:=    1000            0     
                                                 
         Output Delay:-     250                  
          Uncertainty:-     100                  
        Required Time:=     650                  
         Launch Clock:-       0                  
            Data Path:-     293                  
                Slack:=     357                  

Exceptions/Constraints:
  max_delay                1000            del_5        
  output_delay             250             ou_del_252_1 

Launch clock path:
#-------------------------------------------------------------------------------------------------------------------------------------
#                        Timing Point                          Flags   Arc   Edge   Cell     Fanout Load Trans Delay Arrival Instance 
#                                                                                                   (fF)  (ps)  (ps)   (ps)  Location 
#-------------------------------------------------------------------------------------------------------------------------------------
  uu_ctrlpath/uu_cell_EM/uu_c_element/genblk1.DRV_DONT_TOUCH/Y (b)     -     F     (arrival)      3  5.3     0     0       0    (-,-) 
  uu_ctrlpath/uu_cell_EM/g11/Y                                 (i,m)   A->Y  R     INVXL        141  0.0     0     8       8    (-,-) 
  uu_dtpath/uu_exec/aluResult_ff_reg[0]/CK                     <<<     -     R     DFFRHQX1     141    -    50     0       8    (-,-) 
#-------------------------------------------------------------------------------------------------------------------------------------

#-----------------------------------------------------------------------------------------------------------------
#              Timing Point                Flags   Arc   Edge   Cell     Fanout Load Trans Delay Arrival Instance 
#                                                                               (fF)  (ps)  (ps)   (ps)  Location 
#-----------------------------------------------------------------------------------------------------------------
  uu_dtpath/uu_exec/aluResult_ff_reg[0]/CK -       -     R     (arrival)    141    -    50     0       0    (-,-) 
  uu_dtpath/uu_exec/aluResult_ff_reg[0]/Q  -       CK->Q R     DFFRHQX1       2  3.5    86   293     293    (-,-) 
  o_writeAddr[0]                           -       -     R     (port)         -    -     -     0     293    (-,-) 
#-----------------------------------------------------------------------------------------------------------------

