============================================================
  Generated by:           Genus(TM) Synthesis Solution 22.14-s059_1
  Generated on:           Jul 14 2026  10:04:00 pm
  Module:                 ariscv
  Operating conditions:   PVT_0P9V_125C 
  Interconnect mode:      global
  Area mode:              physical library
============================================================


Path 1: MET (2 ps) Setup Check with Pin uu_dtpath/uu_dec/o_aluControl_reg[2]/CK->D
          Group: CAPTURE_FD_DE
     Startpoint: (R) uu_dtpath/uu_fetch/inst_ff_reg[1]/CK
          Clock: (R) ACLK_FD_1
       Endpoint: (R) uu_dtpath/uu_dec/o_aluControl_reg[2]/D
          Clock: (R) CAPTURE_FD_DE

                        Capture       Launch     
           Path Delay:+    2500            -     
          Src Latency:+       0            0     
          Net Latency:+       0 (I)        0 (I) 
        Capture Clock:+       0                  
              Arrival:=    2500            0     
                                                 
                Setup:-     178                  
          Uncertainty:-     100                  
        Required Time:=    2222                  
         Launch Clock:-       0                  
            Data Path:-    2220                  
                Slack:=       2                  

Exceptions/Constraints:
  max_delay             2500            del_2 

Launch clock path:
#-----------------------------------------------------------------------------------------------------------------------------
#                    Timing Point                      Flags   Arc   Edge   Cell     Fanout Load Trans Delay Arrival Instance 
#                                                                                           (fF)  (ps)  (ps)   (ps)  Location 
#-----------------------------------------------------------------------------------------------------------------------------
  uu_ctrlpath/uu_cell_FD/uu_c_element/DRV_DONT_TOUCH/Y (i,b)   -     R     (arrival)     96  0.0     0     0       0    (-,-) 
  uu_dtpath/uu_fetch/inst_ff_reg[1]/CK                 <<<     -     R     DFFRHQX1      96    -    50     0       0    (-,-) 
#-----------------------------------------------------------------------------------------------------------------------------

#---------------------------------------------------------------------------------------------------------------------
#               Timing Point                 Flags    Arc   Edge   Cell     Fanout  Load Trans Delay Arrival Instance 
#                                                                                   (fF)  (ps)  (ps)   (ps)  Location 
#---------------------------------------------------------------------------------------------------------------------
  uu_dtpath/uu_fetch/inst_ff_reg[1]/CK       -       -      R     (arrival)     96     -    50     0       0    (-,-) 
  uu_dtpath/uu_fetch/inst_ff_reg[1]/Q        -       CK->Q  R     DFFRHQX1       3   5.1   119   311     311    (-,-) 
  uu_dtpath/g1113/Y                          -       A->Y   R     MX2X1          1   3.1    84   241     552    (-,-) 
  uu_dtpath/uu_dec/uu_ctrl_unit/g589__4733/Y -       B->Y   R     CLKAND2X6      2   4.6    35   118     670    (-,-) 
  uu_dtpath/uu_dec/uu_ctrl_unit/g585__1881/Y -       B->Y   R     CLKAND2X6      3   7.4    44   103     773    (-,-) 
  uu_dtpath/uu_dec/uu_ctrl_unit/g583/Y       -       A->Y   F     INVX3          1   4.3    51    52     826    (-,-) 
  uu_dtpath/uu_dec/uu_ctrl_unit/g577__1705/Y -       B->Y   R     NOR2X6         2   5.0    64    62     888    (-,-) 
  uu_dtpath/uu_dec/uu_ctrl_unit/g576/Y       -       A->Y   F     INVX2          1   2.4    49    61     949    (-,-) 
  uu_dtpath/uu_dec/uu_ctrl_unit/g565__5477/Y -       A1N->Y F     AOI2BB2X4      1   2.8   112   160    1108    (-,-) 
  uu_dtpath/uu_dec/uu_ctrl_unit/g561__2346/Y -       B0->Y  R     OAI2BB1X2      2   3.8    74    94    1203    (-,-) 
  uu_dtpath/g2006/Y                          -       A1->Y  F     AOI21X1        1   2.8   200   173    1376    (-,-) 
  uu_dtpath/g2005/Y                          -       B0->Y  R     AOI2BB1X2      1   3.7   121   177    1553    (-,-) 
  uu_dtpath/g2004/Y                          -       B->Y   F     NOR2X4         2   4.2    58    87    1640    (-,-) 
  uu_dtpath/g2217/Y                          -       A->Y   F     OR2X6          1   4.3    50   153    1792    (-,-) 
  uu_dtpath/uu_dec/g1342/Y                   -       A->Y   R     CLKINVX6       2  16.1    69    61    1853    (-,-) 
  uu_dtpath/uu_dec/g1341/Y                   -       A->Y   F     INVX20       113 152.2   233   163    2016    (-,-) 
  uu_dtpath/uu_dec/g2261/Y                   -       B->Y   R     NOR2BX1        1   2.3   149   204    2220    (-,-) 
  uu_dtpath/uu_dec/o_aluControl_reg[2]/D     -       -      R     DFFRX2         1     -     -     0    2220    (-,-) 
#---------------------------------------------------------------------------------------------------------------------

Capture clock path:
#-----------------------------------------------------------------------------------------------------------------------------
#                    Timing Point                      Flags   Arc   Edge   Cell     Fanout Load Trans Delay Arrival Instance 
#                                                                                           (fF)  (ps)  (ps)   (ps)  Location 
#-----------------------------------------------------------------------------------------------------------------------------
  uu_ctrlpath/uu_cell_DE/uu_c_element/DRV_DONT_TOUCH/Y (i,b)   -     R     (arrival)    276  0.0     0     0    2500    (-,-) 
  uu_dtpath/uu_dec/o_aluControl_reg[2]/CK              <<<     -     R     DFFRX2       276    -    50     0    2500    (-,-) 
#-----------------------------------------------------------------------------------------------------------------------------

