============================================================
  Generated by:           Genus(TM) Synthesis Solution 22.14-s059_1
  Generated on:           Jun 24 2026  04:21:59 pm
  Module:                 ariscv
  Operating conditions:   PVT_0P9V_125C 
  Interconnect mode:      global
  Area mode:              physical library
============================================================


Path 1: MET (3 ps) Setup Check with Pin uu_dtpath/uu_dec/rd1_ff_reg[31]/CK->D
          Group: CAPTURE_REG_DE
     Startpoint: (R) uu_dtpath/uu_dec/uu_reg_file/reg_dt_reg[27][31]/CK
          Clock: (F) ACLK_REG_5
       Endpoint: (F) uu_dtpath/uu_dec/rd1_ff_reg[31]/D
          Clock: (F) CAPTURE_REG_DE

                        Capture       Launch     
           Path Delay:+    1500            -     
          Src Latency:+       0            0     
          Net Latency:+       0 (I)        0 (I) 
        Capture Clock:+       0                  
              Arrival:=    1500            0     
                                                 
                Setup:-      62                  
          Uncertainty:-     100                  
        Required Time:=    1338                  
         Launch Clock:-       0                  
            Data Path:-    1335                  
                Slack:=       3                  

Exceptions/Constraints:
  max_delay             1500            del_7 

Launch clock path:
#--------------------------------------------------------------------------------------------------------------------------------------
#                         Timing Point                          Flags   Arc   Edge   Cell     Fanout Load Trans Delay Arrival Instance 
#                                                                                                    (fF)  (ps)  (ps)   (ps)  Location 
#--------------------------------------------------------------------------------------------------------------------------------------
  uu_ctrlpath/uu_cell_REG/uu_c_element/genblk1.DRV_DONT_TOUCH/Y (b)     -     F     (arrival)      3  5.3     0     0       0    (-,-) 
  uu_ctrlpath/uu_cell_REG/g10/Y                                 (i,m)   A->Y  R     INVXL        993  0.0     0     8       8    (-,-) 
  uu_dtpath/uu_dec/uu_reg_file/reg_dt_reg[27][31]/CK            <<<     -     R     SDFFRHQX1    993    -    50     0       8    (-,-) 
#--------------------------------------------------------------------------------------------------------------------------------------

#---------------------------------------------------------------------------------------------------------------------------
#                   Timing Point                     Flags   Arc   Edge   Cell     Fanout Load Trans Delay Arrival Instance 
#                                                                                         (fF)  (ps)  (ps)   (ps)  Location 
#---------------------------------------------------------------------------------------------------------------------------
  uu_dtpath/uu_dec/uu_reg_file/reg_dt_reg[27][31]/CK -       -     R     (arrival)    993    -    50     0       0    (-,-) 
  uu_dtpath/uu_dec/uu_reg_file/reg_dt_reg[27][31]/Q  -       CK->Q F     SDFFRHQX1      3  5.1   138   292     292    (-,-) 
  uu_dtpath/uu_dec/uu_reg_file/g4056__3680/Y         -       A0->Y F     AO22X1         1  2.4    81   239     531    (-,-) 
  uu_dtpath/uu_dec/uu_reg_file/g3790__9945/Y         -       C0->Y R     AOI221X1       1  2.9   273   214     746    (-,-) 
  uu_dtpath/uu_dec/uu_reg_file/g37074/Y              -       A->Y  F     NAND3X2        1  2.3   181   268    1013    (-,-) 
  uu_dtpath/uu_dec/uu_reg_file/g4143__5122/Y         -       A->Y  F     OR2X1          1  2.3    74   208    1221    (-,-) 
  uu_dtpath/uu_dec/g214/Y                            -       A->Y  F     AND2X1         1  2.4    74   114    1335    (-,-) 
  uu_dtpath/uu_dec/rd1_ff_reg[31]/D                  -       -     F     DFFRHQX4       1    -     -     0    1335    (-,-) 
#---------------------------------------------------------------------------------------------------------------------------

Capture clock path:
#-------------------------------------------------------------------------------------------------------------------------------------
#                        Timing Point                          Flags   Arc   Edge   Cell     Fanout Load Trans Delay Arrival Instance 
#                                                                                                   (fF)  (ps)  (ps)   (ps)  Location 
#-------------------------------------------------------------------------------------------------------------------------------------
  uu_ctrlpath/uu_cell_DE/uu_c_element/genblk1.DRV_DONT_TOUCH/Y (b)     -     F     (arrival)      3  5.3     0     0    1500    (-,-) 
  uu_ctrlpath/uu_cell_DE/g10/Y                                 (i,m)   A->Y  R     INVXL        275  0.0     0     8    1508    (-,-) 
  uu_dtpath/uu_dec/rd1_ff_reg[31]/CK                           <<<     -     R     DFFRHQX4     275    -    50     0    1508    (-,-) 
#-------------------------------------------------------------------------------------------------------------------------------------

