============================================================
  Generated by:           Genus(TM) Synthesis Solution 22.14-s059_1
  Generated on:           Jun 26 2026  04:48:01 pm
  Module:                 ariscv
  Operating conditions:   PVT_0P9V_125C 
  Interconnect mode:      global
  Area mode:              physical library
============================================================


Path 1: MET (0 ps) Setup Check with Pin uu_dtpath/uu_dec/rd1_ff_reg[31]/CK->D
          Group: ACLK_DE_2
     Startpoint: (R) uu_dtpath/uu_dec/o_aluSrc_reg/CK
          Clock: (F) ACLK_DE_2
       Endpoint: (R) uu_dtpath/uu_dec/rd1_ff_reg[31]/D
          Clock: (F) ACLK_DE_2

                     Capture       Launch     
        Clock Edge:+    6300         2100     
       Src Latency:+       0            0     
       Net Latency:+       0 (I)        0 (I) 
           Arrival:=    6300         2100     
                                              
             Setup:-     131                  
       Uncertainty:-     100                  
     Required Time:=    6069                  
      Launch Clock:-    2100                  
         Data Path:-    3969                  
             Slack:=       0                  

Launch clock path:
#-------------------------------------------------------------------------------------------------------------------------------------
#                        Timing Point                          Flags   Arc   Edge   Cell     Fanout Load Trans Delay Arrival Instance 
#                                                                                                   (fF)  (ps)  (ps)   (ps)  Location 
#-------------------------------------------------------------------------------------------------------------------------------------
  uu_ctrlpath/uu_cell_DE/uu_c_element/genblk1.DRV_DONT_TOUCH/Y (b)     -     F     (arrival)      3  5.3     0     0    2100    (-,-) 
  uu_ctrlpath/uu_cell_DE/g10/Y                                 (i,m)   A->Y  R     INVXL        275  0.0     0     8    2108    (-,-) 
  uu_dtpath/uu_dec/o_aluSrc_reg/CK                             <<<     -     R     DFFRHQX4     275    -    50     0    2108    (-,-) 
#-------------------------------------------------------------------------------------------------------------------------------------

#--------------------------------------------------------------------------------------------------------------------------------
#                     Timing Point                       Flags    Arc   Edge   Cell     Fanout Load Trans Delay Arrival Instance 
#                                                                                              (fF)  (ps)  (ps)   (ps)  Location 
#--------------------------------------------------------------------------------------------------------------------------------
  uu_dtpath/uu_dec/o_aluSrc_reg/CK                       -       -      R     (arrival)    275    -    50     0    2100    (-,-) 
  uu_dtpath/uu_dec/o_aluSrc_reg/Q                        -       CK->Q  R     DFFRHQX4       7 16.8   113   332    2432    (-,-) 
  uu_dtpath/uu_exec/g810/Y                               -       A->Y   F     INVX8          2  8.9    60    78    2510    (-,-) 
  uu_dtpath/uu_exec/g809/Y                               -       A->Y   R     CLKINVX12      8 21.4    56    57    2566    (-,-) 
  uu_dtpath/uu_exec/g801/Y                               -       A->Y   F     CLKINVX12      8 15.2    55    55    2622    (-,-) 
  uu_dtpath/uu_exec/g757/Y                               -       S0->Y  R     CLKMX2X2       6  9.5   131   263    2884    (-,-) 
  uu_dtpath/uu_exec/uu_alu/sub_16_37_Y_add_15_37_g1679/Y -       B->Y   F     CLKXOR2X1      2  4.2   122   243    3127    (-,-) 
  uu_dtpath/uu_exec/uu_alu/sub_16_37_Y_add_15_37_g1635/Y -       B->Y   R     NOR2X2         3  6.2   177   159    3287    (-,-) 
  uu_dtpath/uu_exec/uu_alu/sub_16_37_Y_add_15_37_g1508/Y -       A1->Y  F     OAI21X2        1  3.5   155   188    3474    (-,-) 
  uu_dtpath/uu_exec/uu_alu/sub_16_37_Y_add_15_37_g1471/Y -       B0->Y  R     AOI21X4        1  5.3   101   130    3604    (-,-) 
  uu_dtpath/uu_exec/uu_alu/sub_16_37_Y_add_15_37_g1429/Y -       A->Y   F     NAND2X8        3  8.9   105   123    3727    (-,-) 
  uu_dtpath/uu_exec/uu_alu/sub_16_37_Y_add_15_37_g1428/Y -       A->Y   R     CLKINVX8       7 11.0    54    69    3796    (-,-) 
  uu_dtpath/uu_exec/uu_alu/g4973/Y                       -       A1->Y  F     OAI21X1        1  2.3   176   140    3936    (-,-) 
  uu_dtpath/uu_exec/uu_alu/g4972/Y                       -       A1N->Y F     OAI2BB1X1      1  2.5   169   216    4152    (-,-) 
  uu_dtpath/uu_exec/uu_alu/sub_16_37_Y_add_15_37_g1400/Y -       B->Y   F     XNOR2X1        1  2.3    76   206    4357    (-,-) 
  uu_dtpath/uu_exec/uu_alu/g4509/Y                       -       A1N->Y F     OAI2BB1X2      2  4.9   181   188    4545    (-,-) 
  uu_dtpath/uu_exec/uu_alu/g4461/Y                       -       D->Y   R     NOR4X4         1  3.7   170   171    4716    (-,-) 
  uu_dtpath/uu_exec/uu_alu/g4911/Y                       -       A->Y   F     NAND3X4        1  4.2   172   212    4928    (-,-) 
  uu_dtpath/uu_exec/uu_alu/g4457/Y                       -       B->Y   R     NOR3X6         1  2.7    84   146    5074    (-,-) 
  uu_dtpath/uu_exec/g816/Y                               -       C->Y   R     XNOR3X1        1  3.7    99   208    5282    (-,-) 
  uu_dtpath/uu_exec/g815/Y                               -       A1->Y  F     OAI21X4        2  4.8   122   128    5410    (-,-) 
  uu_dtpath/g2002/Y                                      -       B->Y   R     NOR2X4         1  8.5   126   127    5537    (-,-) 
  uu_dtpath/g1045/Y                                      -       A->Y   F     CLKINVX16     51 77.3   166   144    5681    (-,-) 
  uu_dtpath/uu_dec/g2379/Y                               -       A->Y   R     CLKINVX12     64 80.3   172   163    5843    (-,-) 
  uu_dtpath/uu_dec/g2310/Y                               -       B->Y   R     AND2X1         1  2.4    66   226    6069    (-,-) 
  uu_dtpath/uu_dec/rd1_ff_reg[31]/D                      -       -      R     DFFRHQX4       1    -     -     0    6069    (-,-) 
#--------------------------------------------------------------------------------------------------------------------------------

Capture clock path:
#-------------------------------------------------------------------------------------------------------------------------------------
#                        Timing Point                          Flags   Arc   Edge   Cell     Fanout Load Trans Delay Arrival Instance 
#                                                                                                   (fF)  (ps)  (ps)   (ps)  Location 
#-------------------------------------------------------------------------------------------------------------------------------------
  uu_ctrlpath/uu_cell_DE/uu_c_element/genblk1.DRV_DONT_TOUCH/Y (b)     -     F     (arrival)      3  5.3     0     0    6300    (-,-) 
  uu_ctrlpath/uu_cell_DE/g10/Y                                 (i,m)   A->Y  R     INVXL        275  0.0     0     8    6308    (-,-) 
  uu_dtpath/uu_dec/rd1_ff_reg[31]/CK                           <<<     -     R     DFFRHQX4     275    -    50     0    6308    (-,-) 
#-------------------------------------------------------------------------------------------------------------------------------------

