============================================================
  Generated by:           Genus(TM) Synthesis Solution 22.14-s059_1
  Generated on:           Jul 14 2026  10:04:00 pm
  Module:                 ariscv
  Operating conditions:   PVT_0P9V_125C 
  Interconnect mode:      global
  Area mode:              physical library
============================================================


Path 1: MET (139 ps) Setup Check with Pin uu_dtpath/uu_fetch/pc_ff_reg[6]/CK->D
          Group: CAPTURE_DE_PC
     Startpoint: (R) uu_dtpath/uu_dec/immExt_ff_reg[0]/CK
          Clock: (R) ACLK_DE_2
       Endpoint: (R) uu_dtpath/uu_fetch/pc_ff_reg[6]/D
          Clock: (R) CAPTURE_DE_PC

                        Capture       Launch     
           Path Delay:+    4400            -     
          Src Latency:+       0            0     
          Net Latency:+       0 (I)        0 (I) 
        Capture Clock:+       0                  
              Arrival:=    4400            0     
                                                 
                Setup:-     180                  
          Uncertainty:-     100                  
        Required Time:=    4120                  
         Launch Clock:-       0                  
            Data Path:-    3981                  
                Slack:=     139                  

Exceptions/Constraints:
  max_delay             4400            del_4 

Launch clock path:
#-----------------------------------------------------------------------------------------------------------------------------
#                    Timing Point                      Flags   Arc   Edge   Cell     Fanout Load Trans Delay Arrival Instance 
#                                                                                           (fF)  (ps)  (ps)   (ps)  Location 
#-----------------------------------------------------------------------------------------------------------------------------
  uu_ctrlpath/uu_cell_DE/uu_c_element/DRV_DONT_TOUCH/Y (i,b)   -     R     (arrival)    276  0.0     0     0       0    (-,-) 
  uu_dtpath/uu_dec/immExt_ff_reg[0]/CK                 <<<     -     R     DFFRHQX1     276    -    50     0       0    (-,-) 
#-----------------------------------------------------------------------------------------------------------------------------

#-------------------------------------------------------------------------------------------------------------------
#               Timing Point                 Flags   Arc   Edge   Cell     Fanout Load Trans Delay Arrival Instance 
#                                                                                 (fF)  (ps)  (ps)   (ps)  Location 
#-------------------------------------------------------------------------------------------------------------------
  uu_dtpath/uu_dec/immExt_ff_reg[0]/CK       -       -     R     (arrival)    276    -    50     0       0    (-,-) 
  uu_dtpath/uu_dec/immExt_ff_reg[0]/Q        -       CK->Q R     DFFRHQX1       3  5.8   133   319     319    (-,-) 
  uu_dtpath/uu_exec/g1331/Y                  -       B->Y  R     CLKMX2X3       1  8.5    89   258     577    (-,-) 
  uu_dtpath/uu_exec/uu_alu/g2192/Y           -       A->Y  F     CLKINVX16     11 43.6   102    93     670    (-,-) 
  uu_dtpath/uu_exec/uu_alu/g2186/Y           -       A->Y  R     INVX20        36 59.4    92    95     765    (-,-) 
  uu_dtpath/uu_exec/uu_alu/sra_24_47_g2906/Y -       S0->Y F     MX2X1          2  4.6   135   231     997    (-,-) 
  uu_dtpath/uu_exec/uu_alu/sra_24_47_g2840/Y -       A1->Y R     AOI22X2        2  3.8   144   170    1167    (-,-) 
  uu_dtpath/uu_exec/uu_alu/g4917/Y           -       B1->Y R     OA22X1         2  5.2   127   265    1432    (-,-) 
  uu_dtpath/uu_exec/uu_alu/sra_24_47_g2770/Y -       B->Y  F     NOR2X1         1  3.5   128   136    1567    (-,-) 
  uu_dtpath/uu_exec/uu_alu/sra_24_47_g2726/Y -       C0->Y R     AOI211X4       1  2.9   116   128    1695    (-,-) 
  uu_dtpath/uu_exec/uu_alu/sra_24_47_g2715/Y -       B0->Y F     OAI21X2        1  2.8   135   148    1843    (-,-) 
  uu_dtpath/uu_exec/uu_alu/g4533/Y           -       A1->Y R     AOI221X2       1  2.9   180   222    2065    (-,-) 
  uu_dtpath/uu_exec/uu_alu/g4504/Y           -       B->Y  F     NAND2X2        2  4.2   166   185    2250    (-,-) 
  uu_dtpath/uu_exec/uu_alu/g4490/Y           -       A->Y  R     NOR2X2         1  2.9   101   148    2398    (-,-) 
  uu_dtpath/uu_exec/uu_alu/g4488/Y           -       A->Y  F     NAND2X2        1  3.5   138   143    2541    (-,-) 
  uu_dtpath/uu_exec/uu_alu/g4482/Y           -       B->Y  R     NOR3X4         1  3.7   117   151    2692    (-,-) 
  uu_dtpath/uu_exec/uu_alu/g4480/Y           -       B->Y  F     NAND2X4        1  3.5    96   112    2804    (-,-) 
  uu_dtpath/uu_exec/uu_alu/g4477/Y           -       B->Y  R     NOR2X4         1  2.6    61    79    2882    (-,-) 
  uu_dtpath/uu_exec/uu_alu/g4474/Y           -       A->Y  R     CLKAND2X3      1  2.7    35   120    3003    (-,-) 
  uu_dtpath/uu_exec/g816/Y                   -       B->Y  F     XOR2X4         1  3.6    76   205    3207    (-,-) 
  uu_dtpath/uu_exec/g460/Y                   -       A1->Y R     OAI21X4        3  6.6   112   106    3314    (-,-) 
  uu_dtpath/uu_fetch/g1880/Y                 -       B->Y  R     AND2X6        31 46.8   186   259    3573    (-,-) 
  uu_dtpath/uu_fetch/g1856/Y                 -       A1->Y F     AOI22X1        1  2.4   219   245    3818    (-,-) 
  uu_dtpath/uu_fetch/g1821/Y                 -       B0->Y R     OAI21X1        1  2.4   165   164    3981    (-,-) 
  uu_dtpath/uu_fetch/pc_ff_reg[6]/D          -       -     R     DFFRHQX4       1    -     -     0    3981    (-,-) 
#-------------------------------------------------------------------------------------------------------------------

Capture clock path:
#-----------------------------------------------------------------------------------------------------------------------------
#                    Timing Point                      Flags   Arc   Edge   Cell     Fanout Load Trans Delay Arrival Instance 
#                                                                                           (fF)  (ps)  (ps)   (ps)  Location 
#-----------------------------------------------------------------------------------------------------------------------------
  uu_ctrlpath/uu_cell_PC/uu_c_element/DRV_DONT_TOUCH/Y (i,b)   -     R     (arrival)     35  0.0     0     0    4400    (-,-) 
  uu_dtpath/uu_fetch/pc_ff_reg[6]/CK                   <<<     -     R     DFFRHQX4      35    -    50     0    4400    (-,-) 
#-----------------------------------------------------------------------------------------------------------------------------

