============================================================
  Generated by:           Genus(TM) Synthesis Solution 22.14-s059_1
  Generated on:           Jul 14 2026  10:04:00 pm
  Module:                 ariscv
  Operating conditions:   PVT_0P9V_125C 
  Interconnect mode:      global
  Area mode:              physical library
============================================================


Path 1: MET (0 ps) Setup Check with Pin uu_dtpath/uu_fetch/pc_ff_reg[29]/CK->D
          Group: ACLK_PC_0
     Startpoint: (R) uu_dtpath/uu_fetch/pc_ff_reg[21]/CK
          Clock: (R) ACLK_PC_0
       Endpoint: (F) uu_dtpath/uu_fetch/pc_ff_reg[29]/D
          Clock: (R) ACLK_PC_0

                     Capture       Launch     
        Clock Edge:+    1400            0     
       Src Latency:+       0            0     
       Net Latency:+       0 (I)        0 (I) 
           Arrival:=    1400            0     
                                              
             Setup:-      89                  
       Uncertainty:-     100                  
     Required Time:=    1211                  
      Launch Clock:-       0                  
         Data Path:-    1211                  
             Slack:=       0                  

Launch clock path:
#-----------------------------------------------------------------------------------------------------------------------------
#                    Timing Point                      Flags   Arc   Edge   Cell     Fanout Load Trans Delay Arrival Instance 
#                                                                                           (fF)  (ps)  (ps)   (ps)  Location 
#-----------------------------------------------------------------------------------------------------------------------------
  uu_ctrlpath/uu_cell_PC/uu_c_element/DRV_DONT_TOUCH/Y (i,b)   -     R     (arrival)     35  0.0     0     0       0    (-,-) 
  uu_dtpath/uu_fetch/pc_ff_reg[21]/CK                  <<<     -     R     DFFRHQX4      35    -    50     0       0    (-,-) 
#-----------------------------------------------------------------------------------------------------------------------------

#------------------------------------------------------------------------------------------------------------------
#              Timing Point               Flags    Arc   Edge    Cell     Fanout Load Trans Delay Arrival Instance 
#                                                                                (fF)  (ps)  (ps)   (ps)  Location 
#------------------------------------------------------------------------------------------------------------------
  uu_dtpath/uu_fetch/pc_ff_reg[21]/CK     -       -      R     (arrival)      35    -    50     0       0    (-,-) 
  uu_dtpath/uu_fetch/pc_ff_reg[21]/Q      -       CK->Q  R     DFFRHQX4        5  9.9    79   312     312    (-,-) 
  uu_dtpath/uu_fetch/add_42_30_g800/Y     -       B->Y   R     CLKAND2X6       1  3.6    32   114     427    (-,-) 
  uu_dtpath/uu_fetch/add_42_30_g2119/Y    -       A->Y   R     CLKAND2X12      6 12.6    48   120     547    (-,-) 
  uu_dtpath/uu_fetch/add_42_30_g782_dup/Y -       B->Y   R     CLKAND2X6       3  8.6    48   110     657    (-,-) 
  uu_dtpath/uu_fetch/add_42_30_g2126/Y    -       B->Y   R     CLKAND2X6       1  5.3    37   104     762    (-,-) 
  uu_dtpath/uu_fetch/add_42_30_g2106/Y    -       B->Y   F     NAND2X8         2  4.9    75    67     829    (-,-) 
  uu_dtpath/uu_fetch/add_42_30_g720/Y     -       A1N->Y F     OAI2BB2X4       2  4.2   130   185    1014    (-,-) 
  uu_dtpath/uu_fetch/g1893/Y              -       A->Y   R     INVX2           1  2.9    56    91    1105    (-,-) 
  uu_dtpath/uu_fetch/g1822/Y              -       A1->Y  F     OAI21X2         1  2.4   132   106    1211    (-,-) 
  uu_dtpath/uu_fetch/pc_ff_reg[29]/D      -       -      F     DFFRHQX4        1    -     -     0    1211    (-,-) 
#------------------------------------------------------------------------------------------------------------------

Capture clock path:
#-----------------------------------------------------------------------------------------------------------------------------
#                    Timing Point                      Flags   Arc   Edge   Cell     Fanout Load Trans Delay Arrival Instance 
#                                                                                           (fF)  (ps)  (ps)   (ps)  Location 
#-----------------------------------------------------------------------------------------------------------------------------
  uu_ctrlpath/uu_cell_PC/uu_c_element/DRV_DONT_TOUCH/Y (i,b)   -     R     (arrival)     35  0.0     0     0    1400    (-,-) 
  uu_dtpath/uu_fetch/pc_ff_reg[29]/CK                  <<<     -     R     DFFRHQX4      35    -    50     0    1400    (-,-) 
#-----------------------------------------------------------------------------------------------------------------------------

