============================================================
  Generated by:           Genus(TM) Synthesis Solution 22.14-s059_1
  Generated on:           Jul 06 2026  09:48:34 am
  Module:                 ariscv
  Operating conditions:   PVT_0P9V_125C 
  Interconnect mode:      global
  Area mode:              physical library
============================================================


Path 1: MET (21 ps) Setup Check with Pin uu_dtpath/uu_dec/uu_reg_file/reg_dt_reg[29][31]/CK->SE
          Group: CAPTURE_MW_REG
     Startpoint: (R) uu_dtpath/uu_mem/o_regWrite_reg/CK
          Clock: (R) ACLK_MW_4
       Endpoint: (F) uu_dtpath/uu_dec/uu_reg_file/reg_dt_reg[29][31]/SE
          Clock: (R) CAPTURE_MW_REG

                        Capture       Launch     
           Path Delay:+    1600            -     
          Src Latency:+       0            0     
          Net Latency:+       0 (I)        0 (I) 
        Capture Clock:+       0                  
              Arrival:=    1600            0     
                                                 
                Setup:-     295                  
          Uncertainty:-     100                  
        Required Time:=    1205                  
         Launch Clock:-       0                  
            Data Path:-    1184                  
                Slack:=      21                  

Exceptions/Constraints:
  max_delay             1600            del_6 

Launch clock path:
#-----------------------------------------------------------------------------------------------------------------------------
#                    Timing Point                      Flags   Arc   Edge   Cell     Fanout Load Trans Delay Arrival Instance 
#                                                                                           (fF)  (ps)  (ps)   (ps)  Location 
#-----------------------------------------------------------------------------------------------------------------------------
  uu_ctrlpath/uu_cell_MW/uu_c_element/DRV_DONT_TOUCH/Y (i,b)   -     R     (arrival)    138  0.0     0     0       0    (-,-) 
  uu_dtpath/uu_mem/o_regWrite_reg/CK                   <<<     -     R     DFFRHQX1     138    -    50     0       0    (-,-) 
#-----------------------------------------------------------------------------------------------------------------------------

#---------------------------------------------------------------------------------------------------------------------------
#                   Timing Point                     Flags   Arc   Edge   Cell     Fanout Load Trans Delay Arrival Instance 
#                                                                                         (fF)  (ps)  (ps)   (ps)  Location 
#---------------------------------------------------------------------------------------------------------------------------
  uu_dtpath/uu_mem/o_regWrite_reg/CK                 -       -     R     (arrival)    138    -    50     0       0    (-,-) 
  uu_dtpath/uu_mem/o_regWrite_reg/Q                  -       CK->Q R     DFFRHQX1       2  4.2   100   301     301    (-,-) 
  uu_dtpath/uu_dec/uu_reg_file/g37041/Y              -       AN->Y R     NOR2BX2        4  9.4   244   259     559    (-,-) 
  uu_dtpath/uu_dec/uu_reg_file/g37019/Y              -       B->Y  F     NAND2BX2       4  8.0   275   275     834    (-,-) 
  uu_dtpath/uu_dec/uu_reg_file/g36993/Y              -       B->Y  F     OR2X6         32 50.3   251   350    1184    (-,-) 
  uu_dtpath/uu_dec/uu_reg_file/reg_dt_reg[29][31]/SE -       -     F     SDFFRHQX1     32    -     -     0    1184    (-,-) 
#---------------------------------------------------------------------------------------------------------------------------

Capture clock path:
#------------------------------------------------------------------------------------------------------------------------------
#                     Timing Point                      Flags   Arc   Edge   Cell     Fanout Load Trans Delay Arrival Instance 
#                                                                                            (fF)  (ps)  (ps)   (ps)  Location 
#------------------------------------------------------------------------------------------------------------------------------
  uu_ctrlpath/uu_cell_REG/uu_c_element/DRV_DONT_TOUCH/Y (i,b)   -     R     (arrival)    993  0.0     0     0    1600    (-,-) 
  uu_dtpath/uu_dec/uu_reg_file/reg_dt_reg[29][31]/CK    <<<     -     R     SDFFRHQX1    993    -    50     0    1600    (-,-) 
#------------------------------------------------------------------------------------------------------------------------------

