

Working Directory = /home/vinicius.franca/workarea/riscv-async-tcc/workspace
QoS Summary for ariscv
================================================================================
Metric                          generic         mapped          placed         
================================================================================
Slack (ps):                      -121             -15               0
  R2R (ps):                      -121             -15               0
  I2R (ps):                  no_value        no_value        no_value
  R2O (ps):                       330             291             170
  I2O (ps):                  no_value        no_value        no_value
  CG  (ps):                  no_value        no_value        no_value
TNS (ps):                      -2,436            -220               0
  R2R (ps):                    -2,436            -220               0
  I2R (ps):                  no_value        no_value        no_value
  R2O (ps):                         0               0               0
  I2O (ps):                  no_value        no_value        no_value
  CG  (ps):                  no_value        no_value        no_value
Failing Paths:                     27              17               0
Cell Area:                        142           5,425           5,217
Total Cell Area:                  142           5,425           5,217
Leaf Instances:                11,514           5,802           5,243
Total Instances:               11,514           5,802           5,243
Utilization (%):                 0.00            0.00            0.00
Tot. Net Length (um):        no_value        no_value        no_value
Avg. Net Length (um):        no_value        no_value        no_value
Route Overflow H (%):        no_value        no_value        no_value
Route Overflow V (%):        no_value        no_value        no_value
MBCI(%) (bits/gate) :            0.00            0.00            0.00
Norm Cong Hotspot Area:
  Max Cong:                  no_value        no_value        no_value
  Tot Cong:                  no_value        no_value        no_value
================================================================================
CPU  Runtime (h:m:s):        00:01:00        00:01:48        00:00:38
Real Runtime (h:m:s):        00:00:48        00:00:58        00:00:37
CPU  Elapsed (h:m:s):        00:01:09        00:02:57        00:03:35
Real Elapsed (h:m:s):        00:00:51        00:01:50        00:02:27
Memory (MB):                  1565.61         1568.64         1569.46
================================================================================
================================================================================
Flow Settings:
================================================================================
Total Runtime (h:m:s): 00:02:24
Total Memory (MB):     1577.46
Executable Version:    22.14-s059_1
================================================================================
Total Cell Area =  Cell Area + Physical Cell Area
Total Instances =  Leaf Instances + Physical Instances


