

Working Directory = /home/vinicius.franca/workarea/riscv-async/workspace
QoS Summary for ariscv
================================================================================
Metric                          generic         mapped          placed         
================================================================================
Slack (ps):                       694              39               1
  R2R (ps):                       694              39               1
  I2R (ps):                     3,301           3,318           3,318
  R2O (ps):                     3,057           2,972           3,091
  I2O (ps):                  no_value        no_value        no_value
  CG  (ps):                  no_value        no_value        no_value
TNS (ps):                           0               0               0
  R2R (ps):                         0               0               0
  I2R (ps):                         0               0               0
  R2O (ps):                         0               0               0
  I2O (ps):                  no_value        no_value        no_value
  CG  (ps):                  no_value        no_value        no_value
Failing Paths:                      0               0               0
Cell Area:                     10,534           4,912           4,817
Total Cell Area:               10,534           4,912           4,817
Leaf Instances:                11,185           5,012           4,842
Total Instances:               11,185           5,012           4,842
Utilization (%):                 0.00            0.00            0.00
Tot. Net Length (um):        no_value        no_value        no_value
Avg. Net Length (um):        no_value        no_value        no_value
Route Overflow H (%):        no_value        no_value        no_value
Route Overflow V (%):        no_value        no_value        no_value
MBCI(%) (bits/gate) :            0.00            0.00            0.00
Norm Cong Hotspot Area:
  Max Cong:                  no_value        no_value        no_value
  Tot Cong:                  no_value        no_value        no_value
================================================================================
CPU  Runtime (h:m:s):        00:00:50        00:01:21        00:00:27
Real Runtime (h:m:s):        00:00:40        00:00:42        00:00:27
CPU  Elapsed (h:m:s):        00:00:59        00:02:19        00:02:47
Real Elapsed (h:m:s):        00:00:44        00:01:26        00:01:53
Memory (MB):                  1547.78         1552.35         1553.17
================================================================================
================================================================================
Flow Settings:
================================================================================
Total Runtime (h:m:s): 00:01:49
Total Memory (MB):     1561.17
Executable Version:    22.14-s059_1
================================================================================
Total Cell Area =  Cell Area + Physical Cell Area
Total Instances =  Leaf Instances + Physical Instances


