============================================================
  Generated by:           Genus(TM) Synthesis Solution 22.14-s059_1
  Generated on:           Jul 23 2026  07:47:03 pm
  Module:                 ariscv
  Technology libraries:   slow_vdd1v0 1.0
                          physical_cells 
                          slow_vdd1v0 1.0
                          physical_cells 
  Operating conditions:   PVT_0P9V_125C 
  Interconnect mode:      global
  Area mode:              physical library
============================================================

Timing
--------

Clock Period 
-------------
clk   4400.0 


  Cost    Critical         Violating 
 Group   Path Slack  TNS     Paths   
-------------------------------------
clk           638.4   0.0          0 
default    No paths   0.0            
-------------------------------------
Total                 0.0          0 

Instance Count
--------------
Leaf Instance Count             11185 
Physical Instance count             0 
Sequential Instance Count        1571 
Combinational Instance Count     9614 
Hierarchical Instance Count        22 

Area
----
Cell Area                          10492.623
Physical Cell Area                 0.000
Total Cell Area (Cell+Physical)    10492.623
Net Area                           40.942
Total Area (Cell+Physical+Net)     10533.565

Runtime                            1.0 seconds
Elapsed Runtime                    50 seconds
Genus peak memory usage            1514.04 
Innovus peak memory usage          no_value 
Hostname                           microeletronica
