============================================================
  Generated by:           Genus(TM) Synthesis Solution 22.14-s059_1
  Generated on:           Jun 24 2026  04:21:11 pm
  Module:                 ariscv
  Technology libraries:   slow_vdd1v0 1.0
                          physical_cells 
                          slow_vdd1v0 1.0
                          physical_cells 
  Operating conditions:   PVT_0P9V_125C 
  Interconnect mode:      global
  Area mode:              physical library
============================================================

                                  Leakage  
   Gate     Instances    Area   Power (nW)     Library    
----------------------------------------------------------
ADDHX1              2     1.881      0.181    slow_vdd1v0 
AND2X1            336   114.912     13.461    slow_vdd1v0 
AND2X2              8     3.420      0.425    slow_vdd1v0 
AND2X4              1     0.684      0.113    slow_vdd1v0 
AND2X6             89    83.704     17.095    slow_vdd1v0 
AND2X8             12    13.338      3.081    slow_vdd1v0 
AND3X1              3     1.796      0.102    slow_vdd1v0 
AND3X6              1     1.111      0.190    slow_vdd1v0 
AND3XL              1     0.513      0.040    slow_vdd1v0 
AO21X1             19    11.372      0.761    slow_vdd1v0 
AO21X2              1     0.684      0.062    slow_vdd1v0 
AO22X1            298   203.832     12.265    slow_vdd1v0 
AOI211X1            9     5.386      0.461    slow_vdd1v0 
AOI211X2            7     5.985      0.729    slow_vdd1v0 
AOI211X4            3     4.873      0.776    slow_vdd1v0 
AOI21X1            41    17.527      1.406    slow_vdd1v0 
AOI21X2            23    15.732      1.847    slow_vdd1v0 
AOI21X4            29    37.193      5.094    slow_vdd1v0 
AOI221X1           38    22.743      2.185    slow_vdd1v0 
AOI221X2          246   273.429     32.627    slow_vdd1v0 
AOI221X4            1     1.966      0.245    slow_vdd1v0 
AOI222X2           64    87.552      8.703    slow_vdd1v0 
AOI22X1           485   248.805     21.435    slow_vdd1v0 
AOI22X2            14    13.167      1.228    slow_vdd1v0 
AOI22X4            70   107.730     13.223    slow_vdd1v0 
AOI22XL             1     0.513      0.021    slow_vdd1v0 
AOI2BB1X1          15     7.695      0.589    slow_vdd1v0 
AOI2BB1X2           9     6.925      0.806    slow_vdd1v0 
AOI2BB1X4          30    30.780      5.740    slow_vdd1v0 
AOI2BB2X4           2     3.762      0.477    slow_vdd1v0 
AOI31X2             2     1.710      0.150    slow_vdd1v0 
AOI31X4             1     1.625      0.151    slow_vdd1v0 
AOI32X2             1     1.111      0.101    slow_vdd1v0 
BUFX12              3     3.848      1.089    slow_vdd1v0 
BUFX16              4     6.840      1.985    slow_vdd1v0 
BUFX2             417   178.267     22.433    slow_vdd1v0 
BUFX3             122    62.586     10.812    slow_vdd1v0 
BUFX4               3     1.796      0.343    slow_vdd1v0 
BUFX6              29    22.316      5.449    slow_vdd1v0 
CLKAND2X12          7    13.167      2.869    slow_vdd1v0 
CLKAND2X2         133    68.229      9.210    slow_vdd1v0 
CLKAND2X3           5     3.847      0.481    slow_vdd1v0 
CLKAND2X4           1     0.855      0.142    slow_vdd1v0 
CLKAND2X6          23    27.531      4.862    slow_vdd1v0 
CLKBUFX12           1     1.282      0.370    slow_vdd1v0 
CLKINVX12          19    19.494      5.620    slow_vdd1v0 
CLKINVX16           9    12.312      3.560    slow_vdd1v0 
CLKINVX2            1     0.342      0.045    slow_vdd1v0 
CLKINVX20           6     9.747      3.002    slow_vdd1v0 
CLKINVX4           16     6.840      1.496    slow_vdd1v0 
CLKINVX6           15     8.978      2.165    slow_vdd1v0 
CLKINVX8            9     6.925      1.744    slow_vdd1v0 
CLKMX2X2           46    35.397      3.427    slow_vdd1v0 
CLKMX2X3           47    48.222      5.645    slow_vdd1v0 
CLKXOR2X1          43    29.412      2.623    slow_vdd1v0 
CLKXOR2X2           4     3.420      0.327    slow_vdd1v0 
DFFRHQX1          589   906.471     78.348    slow_vdd1v0 
DFFRHQX2            6    11.799      0.930    slow_vdd1v0 
DFFRHQX4           40    95.760      9.261    slow_vdd1v0 
DFFRHQX8            1     2.821      0.361    slow_vdd1v0 
DFFRX1              9    15.390      1.194    slow_vdd1v0 
DFFRX2             27    50.787      5.036    slow_vdd1v0 
INVX1             102    17.442      2.137    slow_vdd1v0 
INVX16              1     1.368      0.400    slow_vdd1v0 
INVX2              61    15.646      2.612    slow_vdd1v0 
INVX20              3     4.873      1.503    slow_vdd1v0 
INVX3              18     6.156      1.215    slow_vdd1v0 
INVX4               2     0.855      0.182    slow_vdd1v0 
INVX8              10     7.695      1.943    slow_vdd1v0 
INVXL              15     2.565      0.159    slow_vdd1v0 
MX2X1             147    87.980      7.662    slow_vdd1v0 
MXI2X1              2     1.368      0.104    slow_vdd1v0 
MXI2X2             14    15.561      1.203    slow_vdd1v0 
MXI2X4              1     1.282      0.149    slow_vdd1v0 
NAND2BX1           44    15.048      1.651    slow_vdd1v0 
NAND2BX2           12     7.182      0.766    slow_vdd1v0 
NAND2BX4           13    12.226      1.995    slow_vdd1v0 
NAND2X1            26     6.669      0.702    slow_vdd1v0 
NAND2X2           231    98.752     16.348    slow_vdd1v0 
NAND2X4           104    88.920     14.194    slow_vdd1v0 
NAND2X6            57    68.229      9.070    slow_vdd1v0 
NAND2X8            14    19.152      3.584    slow_vdd1v0 
NAND3BX1            6     3.078      0.241    slow_vdd1v0 
NAND3X1             2     0.855      0.071    slow_vdd1v0 
NAND3X2             4     2.736      0.250    slow_vdd1v0 
NAND3X4             7     8.379      1.259    slow_vdd1v0 
NAND3X8             1     2.052      0.243    slow_vdd1v0 
NAND4X6             1     2.138      0.556    slow_vdd1v0 
NOR2BX1           210    71.820      8.244    slow_vdd1v0 
NOR2BX2            19    12.996      1.120    slow_vdd1v0 
NOR2BX4             9     8.464      1.102    slow_vdd1v0 
NOR2X1             71    18.212      1.975    slow_vdd1v0 
NOR2X2             72    30.780      3.694    slow_vdd1v0 
NOR2X4             97    74.641     15.075    slow_vdd1v0 
NOR2X6             20    20.520      3.288    slow_vdd1v0 
NOR2X8              5     6.840      1.110    slow_vdd1v0 
NOR3BX1            37    18.981      1.196    slow_vdd1v0 
NOR3X1             10     4.275      0.273    slow_vdd1v0 
NOR3X2              4     2.736      0.169    slow_vdd1v0 
NOR3X4              1     1.282      0.257    slow_vdd1v0 
NOR3X6              1     1.796      0.136    slow_vdd1v0 
NOR4X2              1     0.855      0.053    slow_vdd1v0 
NOR4X4              1     1.625      0.078    slow_vdd1v0 
OA21X1             32    16.416      1.295    slow_vdd1v0 
OA21X4              1     0.941      0.129    slow_vdd1v0 
OA22X1              4     2.394      0.164    slow_vdd1v0 
OAI211X2            1     1.026      0.114    slow_vdd1v0 
OAI21X1            63    26.933      2.193    slow_vdd1v0 
OAI21X2            45    34.627      3.370    slow_vdd1v0 
OAI21X4            20    23.940      3.267    slow_vdd1v0 
OAI221X2            7     8.379      0.700    slow_vdd1v0 
OAI22X1             1     0.513      0.036    slow_vdd1v0 
OAI22X2            23    19.665      1.870    slow_vdd1v0 
OAI22X4            21    34.114      3.896    slow_vdd1v0 
OAI2BB1X1         106    45.315      4.727    slow_vdd1v0 
OAI2BB1X2          40    30.780      3.160    slow_vdd1v0 
OAI2BB1X4          15    16.672      2.605    slow_vdd1v0 
OAI2BB2X2           3     4.104      0.323    slow_vdd1v0 
OAI2BB2X4          23    49.163      5.071    slow_vdd1v0 
OAI31X1             3     1.539      0.122    slow_vdd1v0 
OR2X1              78    26.676      2.669    slow_vdd1v0 
OR2X2              30    12.825      1.780    slow_vdd1v0 
OR2X4              12     8.208      1.457    slow_vdd1v0 
OR2X6             107   100.633     22.146    slow_vdd1v0 
OR2X8              10    11.115      2.597    slow_vdd1v0 
OR3X1              19     9.747      0.729    slow_vdd1v0 
OR3X2               1     0.599      0.064    slow_vdd1v0 
OR3X4               1     0.769      0.111    slow_vdd1v0 
OR4X1               6     3.078      0.241    slow_vdd1v0 
SDFFRHQX1         994  2039.688    176.017    slow_vdd1v0 
XNOR2X1            44    26.334      2.794    slow_vdd1v0 
----------------------------------------------------------
total            6663  6318.365    682.219                


                                           Leakage  Leakage 
     Type      Instances   Area   Area % Power (nW) Power % 
------------------------------------------------------------
sequential          1666 3122.717   49.4    271.148    39.7 
inverter             287  121.239    1.9     27.782     4.1 
buffer               579  276.935    4.4     42.481     6.2 
logic               4131 2797.475   44.3    340.809    50.0 
physical_cells         0    0.000    0.0      0.000     0.0 
------------------------------------------------------------
total               6663 6318.364  100.0    682.219   100.0 

