============================================================
  Generated by:           Genus(TM) Synthesis Solution 22.14-s059_1
  Generated on:           Jul 23 2026  07:47:46 pm
  Module:                 ariscv
  Technology libraries:   slow_vdd1v0 1.0
                          physical_cells 
                          slow_vdd1v0 1.0
                          physical_cells 
  Operating conditions:   PVT_0P9V_125C 
  Interconnect mode:      global
  Area mode:              physical library
============================================================

     Instance                            Module                        Cell Count  Cell Area  Net Area   Total Area 
--------------------------------------------------------------------------------------------------------------------
ariscv                                                                       5872   5284.926  4358.700     9643.626 
  uu_dtpath        ariscv_dtpath_NBW_ACLK6_NBW_INST32_NBW_REGISTER32_        5872   5284.926  4266.821     9551.747 
    uu_dec         ariscv_dec_NBW_INST32_NBW_PC32_NBW_REGISTER32_NBW_        3381   3334.671  2363.942     5698.613 
      uu_ctrl_unit ctrl_unit                                                   40     16.672    16.230       32.902 
      uu_extend    extend_NBW_INST32_NBW_REGISTER32                            48     22.572    18.728       41.300 
      uu_reg_file  reg_file_NBW_ADDR5_NBW_DATA32                             2936   2938.293  2180.751     5119.044 
    uu_exec        ariscv_exec_NBW_PC32_NBW_REGISTER32_NBW_ADDR5             1975   1378.944  1205.119     2584.063 
      uu_alu       alu_NBW_DATA32                                            1552   1003.770   992.912     1996.682 
    uu_fetch       ariscv_fetch_NBW_INST32_NBW_PC32                           275    280.183    77.139      357.323 
    uu_mem         ariscv_mem_NBW_REGISTER32_NBW_ADDR5_NBW_PC32               136    209.304     0.000      209.304 
    uu_wb          ariscv_wb_NBW_REGISTER32_NBW_PC32_NBW_ADDR5                102     77.976    53.792      131.768 
