============================================================
  Generated by:           Genus(TM) Synthesis Solution 22.14-s059_1
  Generated on:           Jul 23 2026  12:07:35 am
  Module:                 ariscv
  Technology libraries:   slow_vdd1v0 1.0
                          physical_cells 
                          slow_vdd1v0 1.0
                          physical_cells 
  Operating conditions:   PVT_0P9V_125C 
  Interconnect mode:      global
  Area mode:              physical library
============================================================

Timing
--------

Clock Period 
-------------
clk   4400.0 


  Cost    Critical         Violating 
 Group   Path Slack  TNS     Paths   
-------------------------------------
clk            39.1   0.0          0 
default    No paths   0.0            
-------------------------------------
Total                 0.0          0 

Instance Count
--------------
Leaf Instance Count             5012 
Physical Instance count            0 
Sequential Instance Count       1571 
Combinational Instance Count    3441 
Hierarchical Instance Count       10 

Area
----
Cell Area                          4911.804
Physical Cell Area                 0.000
Total Cell Area (Cell+Physical)    4911.804
Net Area                           3921.048
Total Area (Cell+Physical+Net)     8832.852

Runtime                            0.0 seconds
Elapsed Runtime                    91 seconds
Genus peak memory usage            1552.35 
Innovus peak memory usage          no_value 
Hostname                           microeletronica
