============================================================
  Generated by:           Genus(TM) Synthesis Solution 22.14-s059_1
  Generated on:           Jul 06 2026  04:26:52 pm
  Module:                 ariscv
  Technology libraries:   slow_vdd1v0 1.0
                          physical_cells 
                          slow_vdd1v0 1.0
                          physical_cells 
  Operating conditions:   PVT_0P9V_125C 
  Interconnect mode:      global
  Area mode:              physical library
============================================================

        Instance                              Module                        Cell Count  Cell Area  Net Area   Total Area 
-------------------------------------------------------------------------------------------------------------------------
ariscv                                                                            5986   5869.148  4473.989    10343.136 
  uu_ctrlpath           ariscv_ctrlpath_NBW_ACLK6_DELAY_PC_FD11_DELAY_FD_D         258    174.762   119.730      294.492 
    uu_cell_DE          lc_cell_INIT1_1                                             14     10.858     5.910       16.769 
      uu_c_element      c_element_asym_INIT0_3                                       6      5.130     1.638        6.768 
      uu_c_element_mid  c_element_asym_INIT0_2                                       6      5.130     1.638        6.768 
    uu_cell_EM          lc_cell_INIT0_1                                             16     12.312     6.729       19.041 
      uu_c_element      c_element_asym_INIT1_3                                       7      5.899     2.047        7.947 
      uu_c_element_mid  c_element_asym_INIT1_2                                       7      5.899     2.047        7.947 
    uu_cell_FD          lc_cell_INIT0                                               16     12.312     6.729       19.041 
      uu_c_element      c_element_asym_INIT1_1                                       7      5.899     2.047        7.947 
      uu_c_element_mid  c_element_asym_INIT1                                         7      5.899     2.047        7.947 
    uu_cell_LOOP1       lc_cell_INIT0_3                                             16     12.312     6.729       19.041 
      uu_c_element      c_element_asym_INIT1_7                                       7      5.899     2.047        7.947 
      uu_c_element_mid  c_element_asym_INIT1_6                                       7      5.899     2.047        7.947 
    uu_cell_LOOP2       lc_cell_INIT0_4                                             16     12.312     6.729       19.041 
      uu_c_element      c_element_asym_INIT1_9                                       7      5.899     2.047        7.947 
      uu_c_element_mid  c_element_asym_INIT1_8                                       7      5.899     2.047        7.947 
    uu_cell_MW          lc_cell_INIT1_2                                             14     10.773     5.910       16.683 
      uu_c_element      c_element_asym_INIT0_5                                       6      5.130     1.638        6.768 
      uu_c_element_mid  c_element_asym_INIT0_4                                       6      5.130     1.638        6.768 
    uu_cell_PC          lc_cell_INIT1                                               14     10.858     5.910       16.769 
      uu_c_element      c_element_asym_INIT0_1                                       6      5.130     1.638        6.768 
      uu_c_element_mid  c_element_asym_INIT0                                         6      5.130     1.638        6.768 
    uu_cell_REG         lc_cell_INIT0_2                                             16     12.312     6.729       19.041 
      uu_c_element      c_element_asym_INIT1_5                                       7      5.899     2.047        7.947 
      uu_c_element_mid  c_element_asym_INIT1_4                                       7      5.899     2.047        7.947 
    uu_dly_DE_EM        delay_DELAY15                                               15      6.412     5.732       12.144 
    uu_dly_DE_PC        delay_DELAY22                                               22      9.405     8.598       18.003 
    uu_dly_EM_MW        delay_DELAY5_221                                             5      2.138     1.638        3.775 
    uu_dly_FD_J2        delay_DELAY12                                               12      5.130     4.504        9.634 
    uu_dly_LOOP_2       delay_DELAY20                                               20      8.550     7.779       16.329 
    uu_dly_MW_REG       delay_DELAY7                                                 7      2.993     2.457        5.449 
    uu_dly_PC_FD        delay_DELAY5                                                 5      2.138     1.638        3.775 
    uu_dly_PC_L1        delay_DELAY13                                               13      5.558     4.913       10.471 
    uu_dly_REG_J2       delay_DELAY7_1                                               7      2.993     2.457        5.449 
    uu_fork_DE_LOOP     ctrl_fork_INIT0                                              5      5.899     1.638        7.537 
      uu_c_element_fork c_element_INIT0                                              5      5.899     1.638        7.537 
    uu_fork_F1          ctrl_fork_INIT0_1                                            5      5.899     1.638        7.537 
      uu_c_element_fork c_element_INIT0_2                                            5      5.899     1.638        7.537 
    uu_fork_F2          ctrl_fork_INIT0_2                                            5      5.899     1.638        7.537 
      uu_c_element_fork c_element_INIT0_3                                            5      5.899     1.638        7.537 
    uu_join_J1          ctrl_join_INIT0_220                                          5      5.899     1.638        7.537 
      uu_c_element_join c_element_INIT0_217                                          5      5.899     1.638        7.537 
    uu_join_J2          ctrl_join_INIT0_219                                          5      5.899     1.638        7.537 
      uu_c_element_join c_element_INIT0_216                                          5      5.899     1.638        7.537 
    uu_join_LOOP_DE     ctrl_join_INIT0                                              5      5.899     1.638        7.537 
      uu_c_element_join c_element_INIT0_218                                          5      5.899     1.638        7.537 
  uu_dtpath             ariscv_dtpath_NBW_ACLK6_NBW_INST32_NBW_REGISTER32_        5728   5694.386  4251.798     9946.184 
    uu_dec              ariscv_dec_NBW_INST32_NBW_PC32_NBW_REGISTER32_NBW_        3126   3514.050  2258.542     5772.592 
      uu_ctrl_unit      ctrl_unit                                                   47     24.795    19.096       43.891 
      uu_extend         extend_NBW_INST32_NBW_REGISTER32                            49     24.709    18.938       43.648 
      uu_reg_file       reg_file_NBW_ADDR5_NBW_DATA32                             2674   3103.479  2073.882     5177.361 
    uu_exec             ariscv_exec_NBW_PC32_NBW_REGISTER32_NBW_ADDR5             1798   1272.924  1101.136     2374.060 
      uu_alu            alu_NBW_DATA32                                            1372    899.375   866.159     1765.534 
    uu_fetch            ariscv_fetch_NBW_INST32_NBW_PC32                           351    395.694   131.635      527.329 
    uu_mem              ariscv_mem_NBW_REGISTER32_NBW_ADDR5_NBW_PC32               136    209.304     0.000      209.304 
    uu_wb               ariscv_wb_NBW_REGISTER32_NBW_PC32_NBW_ADDR5                102     77.976    53.792      131.768 
