============================================================
  Generated by:           Genus(TM) Synthesis Solution 22.14-s059_1
  Generated on:           Jul 23 2026  12:08:02 am
  Module:                 ariscv
  Technology libraries:   slow_vdd1v0 1.0
                          physical_cells 
                          slow_vdd1v0 1.0
                          physical_cells 
  Operating conditions:   PVT_0P9V_125C 
  Interconnect mode:      global
  Area mode:              physical library
============================================================

Timing
--------

Clock Period 
-------------
clk   4400.0 


  Cost    Critical         Violating 
 Group   Path Slack  TNS     Paths   
-------------------------------------
clk             1.3   0.0          0 
default    No paths   0.0            
-------------------------------------
Total                 0.0          0 

Instance Count
--------------
Leaf Instance Count             4842 
Physical Instance count            0 
Sequential Instance Count       1571 
Combinational Instance Count    3271 
Hierarchical Instance Count       10 

Area
----
Cell Area                          4816.642
Physical Cell Area                 0.000
Total Cell Area (Cell+Physical)    4816.642
Net Area                           3834.493
Total Area (Cell+Physical+Net)     8651.135

Runtime                            0.0 seconds
Elapsed Runtime                    118 seconds
Genus peak memory usage            1517.33 
Innovus peak memory usage          no_value 
Hostname                           microeletronica
