============================================================
  Generated by:           Genus(TM) Synthesis Solution 22.14-s059_1
  Generated on:           Jul 14 2026  10:03:59 pm
  Module:                 ariscv
  Technology libraries:   slow_vdd1v0 1.0
                          physical_cells 
                          slow_vdd1v0 1.0
                          physical_cells 
  Operating conditions:   PVT_0P9V_125C 
  Interconnect mode:      global
  Area mode:              physical library
============================================================

                                  Leakage  
   Gate     Instances    Area   Power (nW)     Library    
----------------------------------------------------------
ADDHX1              2     1.881      0.183    slow_vdd1v0 
AND2X1             70    23.940      2.614    slow_vdd1v0 
AND2X2              3     1.282      0.162    slow_vdd1v0 
AND2X4              1     0.684      0.118    slow_vdd1v0 
AND2X6             85    79.942     16.366    slow_vdd1v0 
AND2X8             12    13.338      3.081    slow_vdd1v0 
AND3X1              2     1.197      0.067    slow_vdd1v0 
AND3X4              1     0.769      0.119    slow_vdd1v0 
AND3X6              2     2.223      0.384    slow_vdd1v0 
AND3XL             34    17.442      1.358    slow_vdd1v0 
AO21X1             10     5.985      0.398    slow_vdd1v0 
AO21X2              1     0.684      0.064    slow_vdd1v0 
AO21X4              1     0.855      0.126    slow_vdd1v0 
AO22X1            428   292.752     17.630    slow_vdd1v0 
AO22X2              4     3.078      0.262    slow_vdd1v0 
AO22X4              3     2.821      0.424    slow_vdd1v0 
AOI211X1           10     5.985      0.542    slow_vdd1v0 
AOI211X2            6     5.130      0.670    slow_vdd1v0 
AOI211X4            4     6.498      0.970    slow_vdd1v0 
AOI21X1            43    18.383      1.488    slow_vdd1v0 
AOI21X2            25    17.100      2.049    slow_vdd1v0 
AOI21X4             8    10.260      1.390    slow_vdd1v0 
AOI221X1          345   206.483     21.669    slow_vdd1v0 
AOI221X2           56    62.244      7.079    slow_vdd1v0 
AOI221X4            4     7.866      0.981    slow_vdd1v0 
AOI222X1            2     1.539      0.114    slow_vdd1v0 
AOI222X2           64    87.552      8.703    slow_vdd1v0 
AOI22X1           227   116.451     10.022    slow_vdd1v0 
AOI22X2            45    42.322      3.990    slow_vdd1v0 
AOI22X4            40    61.560      7.537    slow_vdd1v0 
AOI2BB1X1          15     7.695      0.662    slow_vdd1v0 
AOI2BB1X2          23    17.698      2.089    slow_vdd1v0 
AOI2BB1X4          13    13.338      2.465    slow_vdd1v0 
AOI2BB2X2           4     5.130      0.439    slow_vdd1v0 
AOI2BB2X4           2     3.762      0.467    slow_vdd1v0 
AOI31X2             2     1.710      0.177    slow_vdd1v0 
AOI32X2             2     2.223      0.176    slow_vdd1v0 
BUFX12              2     2.565      0.729    slow_vdd1v0 
BUFX16              1     1.710      0.497    slow_vdd1v0 
BUFX2             136    58.140      7.312    slow_vdd1v0 
BUFX3               2     1.026      0.177    slow_vdd1v0 
CLKAND2X12          4     7.524      1.508    slow_vdd1v0 
CLKAND2X2          15     7.695      0.875    slow_vdd1v0 
CLKAND2X3           6     4.617      0.587    slow_vdd1v0 
CLKAND2X6          26    31.122      5.458    slow_vdd1v0 
CLKBUFX2            1     0.427      0.052    slow_vdd1v0 
CLKINVX12           9     9.234      2.662    slow_vdd1v0 
CLKINVX16           3     4.104      1.190    slow_vdd1v0 
CLKINVX20           6     9.747      2.997    slow_vdd1v0 
CLKINVX3            1     0.427      0.071    slow_vdd1v0 
CLKINVX4            2     0.855      0.186    slow_vdd1v0 
CLKINVX6            3     1.796      0.434    slow_vdd1v0 
CLKINVX8            2     1.539      0.388    slow_vdd1v0 
CLKMX2X2           47    36.166      3.498    slow_vdd1v0 
CLKMX2X3           19    19.494      2.261    slow_vdd1v0 
CLKMX2X4            1     1.026      0.136    slow_vdd1v0 
CLKXOR2X1          26    17.784      1.580    slow_vdd1v0 
DFFRHQX1          608   935.712     80.866    slow_vdd1v0 
DFFRHQX2           19    37.364      2.958    slow_vdd1v0 
DFFRHQX4           41    98.154      9.464    slow_vdd1v0 
DFFRHQX8            2     5.643      0.744    slow_vdd1v0 
DFFRX1              1     1.710      0.135    slow_vdd1v0 
DFFRX2              1     1.881      0.195    slow_vdd1v0 
INVX1             124    21.204      2.588    slow_vdd1v0 
INVX2              38     9.747      1.635    slow_vdd1v0 
INVX20              5     8.123      2.508    slow_vdd1v0 
INVX3              15     5.130      1.009    slow_vdd1v0 
INVX4               1     0.427      0.091    slow_vdd1v0 
INVX8              27    20.776      5.238    slow_vdd1v0 
INVXL               8     1.368      0.085    slow_vdd1v0 
MX2X1             187   111.919      9.772    slow_vdd1v0 
MXI2X1             11     7.524      0.566    slow_vdd1v0 
MXI2X2             16    17.784      1.397    slow_vdd1v0 
MXI2X4              1     1.282      0.146    slow_vdd1v0 
NAND2BX1           59    20.178      2.287    slow_vdd1v0 
NAND2BX2           19    11.372      1.267    slow_vdd1v0 
NAND2BX4            7     6.583      0.876    slow_vdd1v0 
NAND2X1           132    33.858      4.514    slow_vdd1v0 
NAND2X2            59    25.223      3.191    slow_vdd1v0 
NAND2X4            17    14.535      1.936    slow_vdd1v0 
NAND2X6            33    39.501      5.224    slow_vdd1v0 
NAND2X8            11    15.048      2.372    slow_vdd1v0 
NAND3BX1            4     2.052      0.161    slow_vdd1v0 
NAND3BX2            7     5.386      0.500    slow_vdd1v0 
NAND3X1            32    13.680      1.746    slow_vdd1v0 
NAND3X2            35    23.940      3.633    slow_vdd1v0 
NAND3X4             9    10.773      1.435    slow_vdd1v0 
NAND4X2            33    31.037      4.536    slow_vdd1v0 
NOR2BX1           257    87.894     10.048    slow_vdd1v0 
NOR2BX2            26    17.784      1.524    slow_vdd1v0 
NOR2BX4             5     4.702      0.622    slow_vdd1v0 
NOR2X1             63    16.160      1.650    slow_vdd1v0 
NOR2X2             60    25.650      3.388    slow_vdd1v0 
NOR2X4             34    26.163      3.758    slow_vdd1v0 
NOR2X6             11    11.286      1.806    slow_vdd1v0 
NOR2X8              9    12.312      1.947    slow_vdd1v0 
NOR3BX1            31    15.903      0.955    slow_vdd1v0 
NOR3BX2             6     5.130      0.379    slow_vdd1v0 
NOR3X1              3     1.282      0.115    slow_vdd1v0 
NOR3X2              1     0.684      0.029    slow_vdd1v0 
NOR3X4              4     5.130      0.554    slow_vdd1v0 
NOR3X6              1     1.796      0.141    slow_vdd1v0 
NOR3X8              1     2.223      0.184    slow_vdd1v0 
NOR4BX2             1     1.197      0.084    slow_vdd1v0 
OA21X1             44    22.572      1.709    slow_vdd1v0 
OA21X4              1     0.941      0.129    slow_vdd1v0 
OA22X1             35    20.948      1.494    slow_vdd1v0 
OA22X4              3     3.078      0.414    slow_vdd1v0 
OAI211X2            3     3.078      0.256    slow_vdd1v0 
OAI211X4            2     3.249      0.466    slow_vdd1v0 
OAI21X1            66    28.215      2.345    slow_vdd1v0 
OAI21X2            48    36.936      3.854    slow_vdd1v0 
OAI21X4            18    21.546      3.192    slow_vdd1v0 
OAI221X2            6     7.182      0.632    slow_vdd1v0 
OAI221X4            1     1.966      0.167    slow_vdd1v0 
OAI222X2            3     4.361      0.335    slow_vdd1v0 
OAI222X4            1     2.308      0.238    slow_vdd1v0 
OAI22X1            12     6.156      0.448    slow_vdd1v0 
OAI22X2            16    13.680      1.367    slow_vdd1v0 
OAI22X4             2     3.249      0.409    slow_vdd1v0 
OAI2BB1X1          74    31.635      3.234    slow_vdd1v0 
OAI2BB1X2          26    20.007      2.061    slow_vdd1v0 
OAI2BB1X4          22    24.453      3.690    slow_vdd1v0 
OAI2BB2X1           2     2.052      0.123    slow_vdd1v0 
OAI2BB2X2           4     5.472      0.420    slow_vdd1v0 
OAI2BB2X4          13    27.788      2.834    slow_vdd1v0 
OAI31X1             3     1.539      0.120    slow_vdd1v0 
OAI31X2             7     6.583      0.536    slow_vdd1v0 
OAI31X4             2     3.420      0.300    slow_vdd1v0 
OAI32X2             2     2.223      0.196    slow_vdd1v0 
OR2X1              76    25.992      2.658    slow_vdd1v0 
OR2X2               5     2.138      0.288    slow_vdd1v0 
OR2X4              12     8.208      1.454    slow_vdd1v0 
OR2X6              96    90.288     19.653    slow_vdd1v0 
OR2X8              10    11.115      2.596    slow_vdd1v0 
OR3X1              70    35.910      3.143    slow_vdd1v0 
OR4X1               4     2.052      0.151    slow_vdd1v0 
SDFFRHQX1         994  2039.688    176.016    slow_vdd1v0 
XNOR2X1            66    39.501      4.229    slow_vdd1v0 
XNOR3XL             1     1.881      0.159    slow_vdd1v0 
XOR2X4              2     2.052      0.282    slow_vdd1v0 
----------------------------------------------------------
total            5738  5704.475    571.489                


                                           Leakage  Leakage 
     Type      Instances   Area   Area % Power (nW) Power % 
------------------------------------------------------------
sequential          1666 3120.151   54.7    270.378    47.3 
inverter             244   94.478    1.7     21.083     3.7 
buffer               142   63.869    1.1      8.767     1.5 
logic               3686 2425.977   42.5    271.261    47.5 
physical_cells         0    0.000    0.0      0.000     0.0 
------------------------------------------------------------
total               5738 5704.475  100.0    571.489   100.0 

