Power Unit: W
Area Unit: Um^2
PDB Frame : /stim#1/frame#0
--------------------------------------------------------------------------------------------------------------------
Cells Pct_cells     Leakage    Internal   Switching       Total Lvl Instance                                        
--------------------------------------------------------------------------------------------------------------------
 5852   100.00% 5.33504e-07 6.46256e-04 2.66859e-04 9.13649e-04   0 /ariscv                                         
 5494    93.88% 5.02045e-07 5.72649e-04 2.10545e-04 7.83697e-04   1 /ariscv/uu_dtpath                               
 3110    53.14% 3.18815e-07 4.00707e-04 1.08473e-04 5.09499e-04   2 /ariscv/uu_dtpath/uu_dec                        
 2778    47.47% 2.83443e-07 3.41592e-04 8.33282e-05 4.25204e-04   3 /ariscv/uu_dtpath/uu_dec/uu_reg_file            
   54     0.92% 2.54239e-09 6.96556e-07 9.94043e-07 1.69314e-06   3 /ariscv/uu_dtpath/uu_dec/uu_extend              
   45     0.77% 1.91763e-09 5.16741e-07 5.96818e-07 1.11548e-06   3 /ariscv/uu_dtpath/uu_dec/uu_ctrl_unit           
 1799    30.74% 1.08086e-07 7.93407e-05 5.60103e-05 1.35459e-04   2 /ariscv/uu_dtpath/uu_exec                       
 1322    22.59% 7.15331e-08 2.76562e-05 3.11665e-05 5.88942e-05   3 /ariscv/uu_dtpath/uu_exec/uu_alu                
  284     4.85% 3.84061e-08 4.54261e-05 1.78459e-05 6.33103e-05   2 /ariscv/uu_dtpath/uu_fetch                      
  168     2.87% 2.08652e-08 4.30894e-05 1.24147e-05 5.55249e-05   2 /ariscv/uu_dtpath/uu_mem                        
  102     1.74% 1.07288e-08 3.58208e-06 1.35451e-05 1.71379e-05   2 /ariscv/uu_dtpath/uu_wb                         
  309     5.28% 2.74095e-08 7.14197e-05 4.78717e-05 1.19319e-04   1 /ariscv/uu_ctrlpath                             
   45     0.77% 2.51670e-09 7.49117e-06 4.31681e-06 1.18105e-05   2 /ariscv/uu_ctrlpath/uu_dly_DE_PC                
   32     0.55% 1.78265e-09 5.31149e-06 3.41269e-06 8.72597e-06   2 /ariscv/uu_ctrlpath/uu_dly_DE_EM                
   24     0.41% 1.28971e-09 3.88367e-06 2.65928e-06 6.54424e-06   2 /ariscv/uu_ctrlpath/uu_dly_FD_J2                
   13     0.22% 1.61528e-09 3.55577e-06 2.44000e-06 5.99738e-06   2 /ariscv/uu_ctrlpath/uu_cell_REG                 
   12     0.21% 1.59447e-09 3.51712e-06 2.35663e-06 5.87534e-06   3 /ariscv/uu_ctrlpath/uu_cell_REG/uu_c_element    
   12     0.21% 1.45534e-09 3.56233e-06 1.95832e-06 5.52210e-06   2 /ariscv/uu_ctrlpath/uu_join_J1                  
   12     0.21% 1.45534e-09 3.56233e-06 1.95832e-06 5.52210e-06   3 /ariscv/uu_ctrlpath/uu_join_J1/uu_c_element_join
   10     0.17% 1.36173e-09 3.35101e-06 2.16016e-06 5.51254e-06   2 /ariscv/uu_ctrlpath/uu_cell_LOOP1               
    9     0.15% 1.34090e-09 3.31235e-06 2.09512e-06 5.40881e-06   3 /ariscv/uu_ctrlpath/uu_cell_LOOP1/uu_c_element  
   10     0.17% 1.34365e-09 3.33985e-06 2.00572e-06 5.34691e-06   2 /ariscv/uu_ctrlpath/uu_cell_FD                  
   10     0.17% 1.34365e-09 3.33985e-06 2.00572e-06 5.34691e-06   3 /ariscv/uu_ctrlpath/uu_cell_FD/uu_c_element     
   12     0.21% 1.51361e-09 3.20958e-06 2.13393e-06 5.34503e-06   2 /ariscv/uu_ctrlpath/uu_cell_PC                  
   11     0.19% 1.50300e-09 3.18740e-06 2.09661e-06 5.28552e-06   3 /ariscv/uu_ctrlpath/uu_cell_PC/uu_c_element     
   19     0.32% 1.08118e-09 3.20948e-06 1.83466e-06 5.04522e-06   2 /ariscv/uu_ctrlpath/uu_dly_MW_REG               
    9     0.15% 1.25748e-09 2.93284e-06 2.08364e-06 5.01774e-06   2 /ariscv/uu_ctrlpath/uu_cell_EM                  
    8     0.14% 1.23660e-09 2.89440e-06 2.00531e-06 4.90095e-06   3 /ariscv/uu_ctrlpath/uu_cell_EM/uu_c_element     
    9     0.15% 1.23346e-09 2.94305e-06 1.97063e-06 4.91491e-06   2 /ariscv/uu_ctrlpath/uu_cell_DE                  
    8     0.14% 1.21260e-09 2.90457e-06 1.89136e-06 4.79715e-06   3 /ariscv/uu_ctrlpath/uu_cell_DE/uu_c_element     
    9     0.15% 1.27847e-09 3.01375e-06 1.84666e-06 4.86169e-06   2 /ariscv/uu_ctrlpath/uu_cell_MW                  
    8     0.14% 1.25762e-09 2.97514e-06 1.76783e-06 4.74422e-06   3 /ariscv/uu_ctrlpath/uu_cell_MW/uu_c_element     
    8     0.14% 1.25377e-09 3.05928e-06 1.68656e-06 4.74709e-06   2 /ariscv/uu_ctrlpath/uu_join_J2                  
    8     0.14% 1.25377e-09 3.05928e-06 1.68656e-06 4.74709e-06   3 /ariscv/uu_ctrlpath/uu_join_J2/uu_c_element_join
    9     0.15% 1.23193e-09 3.02950e-06 1.50329e-06 4.53402e-06   2 /ariscv/uu_ctrlpath/uu_fork_F1                  
    9     0.15% 1.23193e-09 3.02950e-06 1.50329e-06 4.53402e-06   3 /ariscv/uu_ctrlpath/uu_fork_F1/uu_c_element_fork
    8     0.14% 1.20219e-09 2.89097e-06 1.61886e-06 4.51103e-06   2 /ariscv/uu_ctrlpath/uu_fork_F2                  
    8     0.14% 1.20219e-09 2.89097e-06 1.61886e-06 4.51103e-06   3 /ariscv/uu_ctrlpath/uu_fork_F2/uu_c_element_fork
    8     0.14% 1.19490e-09 2.70775e-06 1.21542e-06 3.92436e-06   2 /ariscv/uu_ctrlpath/uu_cell_LOOP2               
    7     0.12% 1.17407e-09 2.66907e-06 1.16011e-06 3.83035e-06   3 /ariscv/uu_ctrlpath/uu_cell_LOOP2/uu_c_element  
   14     0.24% 7.52768e-10 2.25096e-06 1.63288e-06 3.88460e-06   2 /ariscv/uu_ctrlpath/uu_dly_REG_J2               
   11     0.19% 5.91703e-10 1.77963e-06 1.27302e-06 3.05324e-06   2 /ariscv/uu_ctrlpath/uu_dly_PC_FD                
    9     0.15% 4.83648e-10 1.44792e-06 9.49568e-07 2.39797e-06   2 /ariscv/uu_ctrlpath/uu_dly_EM_MW                
    6     0.10% 3.22865e-10 9.70824e-07 5.57134e-07 1.52828e-06   2 /ariscv/uu_ctrlpath/uu_dly_L2_J1                
    6     0.10% 3.22816e-10 9.71016e-07 4.84179e-07 1.45552e-06   2 /ariscv/uu_ctrlpath/uu_dly_PC_L1                
--------------------------------------------------------------------------------------------------------------------
