###############################################################
#  Generated by:      Cadence Innovus 22.14-s061_1
#  OS:                Linux x86_64(Host ID microeletronica)
#  Generated on:      Thu Jul 23 19:54:05 2026
#  Design:            ariscv
#  Command:           report_constraint -all_violators > ../reports/innovus/all_viol.rpt
###############################################################
# format : frame 1 : split 1

max_delay/setup
---------------------------
No paths found

Check type : clock_period
---------------------------
No paths found

Check type : skew
---------------------------
No paths found

Check type : pulse_width
---------------------------
 No violating Checks with given description found

Check type : max_transition
---------------------------
     +----------------------------------------------------------------------------+ 
     | Pin Name                              | Required | Actual | Slack  | View  | 
     |---------------------------------------+----------+--------+--------+-------| 
     | uu_dtpath/uu_dec/uu_reg_file/g37222/Y | 0.280    | 0.418  | -0.138 | setup | 
     | uu_dtpath/uu_dec/FE_OFC855_rd2_w_3/A  | 0.280    | 0.418  | -0.138 | setup | 
     | uu_dtpath/uu_dec/uu_reg_file/g37216/Y | 0.280    | 0.336  | -0.056 | setup | 
     | uu_dtpath/uu_dec/FE_OFC764_rd2_w_18/A | 0.280    | 0.336  | -0.056 | setup | 
     | uu_dtpath/uu_dec/uu_reg_file/g37225/Y | 0.280    | 0.324  | -0.044 | setup | 
     | uu_dtpath/uu_dec/FE_OFC838_rd2_w_16/A | 0.280    | 0.324  | -0.044 | setup | 
     +----------------------------------------------------------------------------+ 

Check type : max_capacitance
---------------------------
 No Violations found

Check type : max_fanout
---------------------------
 No Violations found
