###############################################################
#  Generated by:      Cadence Innovus 22.14-s061_1
#  OS:                Linux x86_64(Host ID microeletronica)
#  Generated on:      Thu Jul 23 00:17:29 2026
#  Design:            ariscv
#  Command:           report_area -out_file ../reports/innovus/area.rpt
###############################################################
    Hinst Name                   Module Name                                                          Inst Count           Total Area
----------------------------------------------------------------------------------------------------------------------------------
ariscv                                                                                                      5557            20263.158
  uu_dtpath                      ariscv_dtpath_NBW_ACLK6_NBW_INST32_NBW_REGISTER32_NBW_ADDR5_NBW_PC32       5546            20211.516
    uu_dtpath/uu_dec             ariscv_dec_NBW_INST32_NBW_PC32_NBW_REGISTER32_NBW_ADDR5                    3158            13736.430
      uu_dtpath/uu_dec/uu_ctrl_unit ctrl_unit                                                                    42               62.244
      uu_dtpath/uu_dec/uu_extend extend_NBW_INST32_NBW_REGISTER32                                             49               97.812
      uu_dtpath/uu_dec/uu_reg_file reg_file_NBW_ADDR5_NBW_DATA32                                              2850            12332.178
    uu_dtpath/uu_exec            ariscv_exec_NBW_PC32_NBW_REGISTER32_NBW_ADDR5                              1761             4042.098
      uu_dtpath/uu_exec/uu_alu   alu_NBW_DATA32                                                             1317             2608.776
    uu_dtpath/uu_fetch           ariscv_fetch_NBW_INST32_NBW_PC32                                            201             1007.190
    uu_dtpath/uu_mem             ariscv_mem_NBW_REGISTER32_NBW_ADDR5_NBW_PC32                                139              845.082
    uu_dtpath/uu_wb              ariscv_wb_NBW_REGISTER32_NBW_PC32_NBW_ADDR5                                 137              275.310
