###############################################################
#  Generated by:      Cadence Innovus 22.14-s061_1
#  OS:                Linux x86_64(Host ID microeletronica)
#  Generated on:      Mon Jul  6 17:39:27 2026
#  Design:            ariscv
#  Command:           report_clocks > $REPORT_PATH/clocks.rpt
###############################################################
     +-----------------------------------------------------------------------------------------------------------+ 
     |                                            Clock Descriptions                                             | 
     |-----------------------------------------------------------------------------------------------------------| 
     |                |                                |       |        |       |       |       Attributes       | 
     |----------------+--------------------------------+-------+--------+-------+-------+------------------------| 
     |   Clock Name   |             Source             |  View | Period |  Lead | Trail | Generated | Propagated | 
     |----------------+--------------------------------+-------+--------+-------+-------+-----------+------------| 
     |   ACLK_DE_2    | uu_ctrlpath/uu_cell_DE/uu_c_el | setup |  4.200 | 0.000 | 2.100 |     n     |     n      | 
     |                |     ement/DRV_DONT_TOUCH/Y     |       |        |       |       |           |            | 
     |   ACLK_EM_3    | uu_ctrlpath/uu_cell_EM/uu_c_el | setup |  0.000 | 0.000 | 0.000 |     n     |     n      | 
     |                |     ement/DRV_DONT_TOUCH/Y     |       |        |       |       |           |            | 
     |   ACLK_FD_1    | uu_ctrlpath/uu_cell_FD/uu_c_el | setup |  0.000 | 0.000 | 0.000 |     n     |     n      | 
     |                |     ement/DRV_DONT_TOUCH/Y     |       |        |       |       |           |            | 
     |   ACLK_MW_4    | uu_ctrlpath/uu_cell_MW/uu_c_el | setup |  0.000 | 0.000 | 0.000 |     n     |     n      | 
     |                |     ement/DRV_DONT_TOUCH/Y     |       |        |       |       |           |            | 
     |   ACLK_PC_0    | uu_ctrlpath/uu_cell_PC/uu_c_el | setup |  1.400 | 0.000 | 0.700 |     n     |     n      | 
     |                |     ement/DRV_DONT_TOUCH/Y     |       |        |       |       |           |            | 
     |   ACLK_REG_5   | uu_ctrlpath/uu_cell_REG/uu_c_e | setup |  1.500 | 0.000 | 0.750 |     n     |     n      | 
     |                |    lement/DRV_DONT_TOUCH/Y     |       |        |       |       |           |            | 
     |  CAPTURE_DE_EM | uu_ctrlpath/uu_cell_EM/uu_c_el | setup |  4.200 | 0.000 | 2.100 |     y     |     y      | 
     |                |     ement/DRV_DONT_TOUCH/Y     |       |        |       |       |           |            | 
     |  CAPTURE_DE_PC | uu_ctrlpath/uu_cell_PC/uu_c_el | setup |  4.200 | 0.000 | 2.100 |     y     |     y      | 
     |                |     ement/DRV_DONT_TOUCH/Y     |       |        |       |       |           |            | 
     |  CAPTURE_EM_MW | uu_ctrlpath/uu_cell_MW/uu_c_el | setup |  0.000 | 0.000 | 0.000 |     y     |     y      | 
     |                |     ement/DRV_DONT_TOUCH/Y     |       |        |       |       |           |            | 
     |  CAPTURE_FD_DE | uu_ctrlpath/uu_cell_DE/uu_c_el | setup |  0.000 | 0.000 | 0.000 |     y     |     y      | 
     |                |     ement/DRV_DONT_TOUCH/Y     |       |        |       |       |           |            | 
     | CAPTURE_MW_REG | uu_ctrlpath/uu_cell_REG/uu_c_e | setup |  0.000 | 0.000 | 0.000 |     y     |     y      | 
     |                |    lement/DRV_DONT_TOUCH/Y     |       |        |       |       |           |            | 
     |  CAPTURE_PC_FD | uu_ctrlpath/uu_cell_FD/uu_c_el | setup |  1.400 | 0.000 | 0.700 |     y     |     y      | 
     |                |     ement/DRV_DONT_TOUCH/Y     |       |        |       |       |           |            | 
     | CAPTURE_REG_DE | uu_ctrlpath/uu_cell_DE/uu_c_el | setup |  1.500 | 0.000 | 0.750 |     y     |     y      | 
     |                |     ement/DRV_DONT_TOUCH/Y     |       |        |       |       |           |            | 
     |  DUMMY_LOOP1   | uu_ctrlpath/uu_cell_LOOP1/uu_c | setup |  0.000 | 0.000 | 0.000 |     n     |     n      | 
     |                |   _element/DRV_DONT_TOUCH/Y    |       |        |       |       |           |            | 
     |  DUMMY_LOOP2   | uu_ctrlpath/uu_cell_LOOP2/uu_c | setup |  0.000 | 0.000 | 0.000 |     n     |     n      | 
     |                |   _element/DRV_DONT_TOUCH/Y    |       |        |       |       |           |            | 
     |  EPC_J1_req0   | uu_ctrlpath/uu_join_J1/uu_c_el | setup |  4.200 | 0.000 | 2.100 |     y     |     y      | 
     |                | ement_join/genblk1.DRV_DONT_TO |       |        |       |       |           |            | 
     |                |             UCH/Y              |       |        |       |       |           |            | 
     |  EPC_J1_req1   | uu_ctrlpath/uu_join_J1/uu_c_el | setup |  1.400 | 0.000 | 0.700 |     y     |     y      | 
     |                | ement_join/genblk1.DRV_DONT_TO |       |        |       |       |           |            | 
     |                |             UCH/Y              |       |        |       |       |           |            | 
     |  EPC_J2_req0   | uu_ctrlpath/uu_join_J2/uu_c_el | setup |  0.000 | 0.000 | 0.000 |     y     |     y      | 
     |                | ement_join/genblk1.DRV_DONT_TO |       |        |       |       |           |            | 
     |                |             UCH/Y              |       |        |       |       |           |            | 
     |  EPC_J2_req1   | uu_ctrlpath/uu_join_J2/uu_c_el | setup |  1.500 | 0.000 | 0.750 |     y     |     y      | 
     |                | ement_join/genblk1.DRV_DONT_TO |       |        |       |       |           |            | 
     |                |             UCH/Y              |       |        |       |       |           |            | 
     |  EPC_JL_req0_a | uu_ctrlpath/uu_join_LOOP_DE/uu | setup |  0.000 | 0.000 | 0.000 |     y     |     y      | 
     |                | _c_element_join/genblk1.DRV_DO |       |        |       |       |           |            | 
     |                |           NT_TOUCH/Y           |       |        |       |       |           |            | 
     |  EPC_JL_req0_b | uu_ctrlpath/uu_join_LOOP_DE/uu | setup |  1.500 | 0.000 | 0.750 |     y     |     y      | 
     |                | _c_element_join/genblk1.DRV_DO |       |        |       |       |           |            | 
     |                |           NT_TOUCH/Y           |       |        |       |       |           |            | 
     |  EPC_JL_req1   | uu_ctrlpath/uu_join_LOOP_DE/uu | setup |  4.200 | 0.000 | 2.100 |     y     |     y      | 
     |                | _c_element_join/genblk1.DRV_DO |       |        |       |       |           |            | 
     |                |           NT_TOUCH/Y           |       |        |       |       |           |            | 
     |  EPC_LOOP1_ack | uu_ctrlpath/uu_cell_LOOP1/uu_c | setup |  1.400 | 0.000 | 0.700 |     y     |     y      | 
     |                |   _element/DRV_DONT_TOUCH/Y    |       |        |       |       |           |            | 
     |  EPC_LOOP1_req | uu_ctrlpath/uu_cell_LOOP1/uu_c | setup |  1.400 | 0.000 | 0.700 |     y     |     y      | 
     |                |   _element/DRV_DONT_TOUCH/Y    |       |        |       |       |           |            | 
     |  EPC_LOOP2_ack | uu_ctrlpath/uu_cell_LOOP2/uu_c | setup |  4.200 | 0.000 | 2.100 |     y     |     y      | 
     |                |   _element/DRV_DONT_TOUCH/Y    |       |        |       |       |           |            | 
     |  EPC_LOOP2_req | uu_ctrlpath/uu_cell_LOOP2/uu_c | setup |  4.200 | 0.000 | 2.100 |     y     |     y      | 
     |                |   _element/DRV_DONT_TOUCH/Y    |       |        |       |       |           |            | 
     +-----------------------------------------------------------------------------------------------------------+ 
     +---------------------------------------------------------------------------------------------------------------------------------------------------------------------------+ 
     |                                                                       Generated-Clock Descriptions                                                                        | 
     |---------------------------------------------------------------------------------------------------------------------------------------------------------------------------| 
     |      Name      |     Generated Source(pin)      |       Master Source(pin)       |  Master-clock |  View | Source | Invert |   Freq.    | Duty-Cycle | Edges | Edge-Shift | 
     |                |                                |                                |               |       | Invert |        | Multiplier |            |       |            | 
     |----------------+--------------------------------+--------------------------------+---------------+-------+--------+--------+------------+------------+-------+------------| 
     |  CAPTURE_DE_EM | uu_ctrlpath/uu_cell_EM/uu_c_el | uu_ctrlpath/uu_cell_EM/uu_c_el |   ACLK_DE_2   | setup |   n    |   n    |    1/1     |     50     |   -   |     -      | 
     |                |     ement/DRV_DONT_TOUCH/Y     |    ement/OR2_1_DONT_TOUCH/B    |               |       |        |        |            |            |       |            | 
     |  CAPTURE_DE_PC | uu_ctrlpath/uu_cell_PC/uu_c_el | uu_ctrlpath/uu_cell_PC/uu_c_el |  EPC_J1_req0  | setup |   n    |   n    |    1/1     |     50     |   -   |     -      | 
     |                |     ement/DRV_DONT_TOUCH/Y     |    ement/OR2_1_DONT_TOUCH/B    |               |       |        |        |            |            |       |            | 
     |  CAPTURE_EM_MW | uu_ctrlpath/uu_cell_MW/uu_c_el | uu_ctrlpath/uu_cell_MW/uu_c_el |   ACLK_EM_3   | setup |   n    |   n    |    1/1     |     0      |   -   |     -      | 
     |                |     ement/DRV_DONT_TOUCH/Y     |    ement/OR2_1_DONT_TOUCH/B    |               |       |        |        |            |            |       |            | 
     |  CAPTURE_FD_DE | uu_ctrlpath/uu_cell_DE/uu_c_el | uu_ctrlpath/uu_cell_DE/uu_c_el | EPC_JL_req0_a | setup |   n    |   n    |    1/1     |     0      |   -   |     -      | 
     |                |     ement/DRV_DONT_TOUCH/Y     |    ement/OR2_1_DONT_TOUCH/B    |               |       |        |        |            |            |       |            | 
     | CAPTURE_MW_REG | uu_ctrlpath/uu_cell_REG/uu_c_e | uu_ctrlpath/uu_cell_REG/uu_c_e |   ACLK_MW_4   | setup |   n    |   n    |    1/1     |     0      |   -   |     -      | 
     |                |    lement/DRV_DONT_TOUCH/Y     |   lement/OR2_1_DONT_TOUCH/B    |               |       |        |        |            |            |       |            | 
     |  CAPTURE_PC_FD | uu_ctrlpath/uu_cell_FD/uu_c_el | uu_ctrlpath/uu_cell_FD/uu_c_el |   ACLK_PC_0   | setup |   n    |   n    |    1/1     |     50     |   -   |     -      | 
     |                |     ement/DRV_DONT_TOUCH/Y     |    ement/OR2_1_DONT_TOUCH/B    |               |       |        |        |            |            |       |            | 
     | CAPTURE_REG_DE | uu_ctrlpath/uu_cell_DE/uu_c_el | uu_ctrlpath/uu_cell_DE/uu_c_el | EPC_JL_req0_b | setup |   n    |   n    |    1/1     |     50     |   -   |     -      | 
     |                |     ement/DRV_DONT_TOUCH/Y     |    ement/OR2_1_DONT_TOUCH/B    |               |       |        |        |            |            |       |            | 
     |  EPC_F1_ack0   | uu_ctrlpath/uu_fork_F1/uu_c_el | uu_ctrlpath/uu_fork_F1/uu_c_el |   ACLK_FD_1   | setup |   n    |   n    |    1/1     |     0      |   -   |     -      | 
     |                | ement_fork/genblk1.DRV_DONT_TO | ement_fork/genblk1.DRV_DONT_TO |               |       |        |        |            |            |       |            | 
     |                |             UCH/Y              |             UCH/A              |               |       |        |        |            |            |       |            | 
     |  EPC_F1_ack1   | uu_ctrlpath/uu_fork_F1/uu_c_el | uu_ctrlpath/uu_fork_F1/uu_c_el | EPC_LOOP1_ack | setup |   n    |   n    |    1/1     |     0      |   -   |     -      | 
     |                | ement_fork/genblk1.DRV_DONT_TO | ement_fork/genblk1.DRV_DONT_TO |               |       |        |        |            |            |       |            | 
     |                |             UCH/Y              |             UCH/A              |               |       |        |        |            |            |       |            | 
     |  EPC_F2_ack0   | uu_ctrlpath/uu_fork_F2/uu_c_el | uu_ctrlpath/uu_fork_F2/uu_c_el |   ACLK_PC_0   | setup |   n    |   n    |    1/1     |     0      |   -   |     -      | 
     |                | ement_fork/genblk1.DRV_DONT_TO | ement_fork/genblk1.DRV_DONT_TO |               |       |        |        |            |            |       |            | 
     |                |             UCH/Y              |             UCH/A              |               |       |        |        |            |            |       |            | 
     |  EPC_F2_ack1   | uu_ctrlpath/uu_fork_F2/uu_c_el | uu_ctrlpath/uu_fork_F2/uu_c_el |   ACLK_EM_3   | setup |   n    |   n    |    1/1     |     0      |   -   |     -      | 
     |                | ement_fork/genblk1.DRV_DONT_TO | ement_fork/genblk1.DRV_DONT_TO |               |       |        |        |            |            |       |            | 
     |                |             UCH/Y              |             UCH/A              |               |       |        |        |            |            |       |            | 
     |  EPC_FL_ack0_a | uu_ctrlpath/uu_fork_DE_LOOP/uu | uu_ctrlpath/uu_fork_DE_LOOP/uu |  EPC_F2_ack0  | setup |   n    |   n    |    1/1     |     0      |   -   |     -      | 
     |                | _c_element_fork/genblk1.DRV_DO | _c_element_fork/genblk1.DRV_DO |               |       |        |        |            |            |       |            | 
     |                |           NT_TOUCH/Y           |           NT_TOUCH/A           |               |       |        |        |            |            |       |            | 
     |  EPC_FL_ack0_b | uu_ctrlpath/uu_fork_DE_LOOP/uu | uu_ctrlpath/uu_fork_DE_LOOP/uu |  EPC_F2_ack1  | setup |   n    |   n    |    1/1     |     0      |   -   |     -      | 
     |                | _c_element_fork/genblk1.DRV_DO | _c_element_fork/genblk1.DRV_DO |               |       |        |        |            |            |       |            | 
     |                |           NT_TOUCH/Y           |           NT_TOUCH/A           |               |       |        |        |            |            |       |            | 
     |  EPC_FL_ack1   | uu_ctrlpath/uu_fork_DE_LOOP/uu | uu_ctrlpath/uu_fork_DE_LOOP/uu | EPC_LOOP2_ack | setup |   n    |   n    |    1/1     |     0      |   -   |     -      | 
     |                | _c_element_fork/genblk1.DRV_DO | _c_element_fork/genblk1.DRV_DO |               |       |        |        |            |            |       |            | 
     |                |           NT_TOUCH/Y           |           NT_TOUCH/A           |               |       |        |        |            |            |       |            | 
     |  EPC_J1_req0   | uu_ctrlpath/uu_join_J1/uu_c_el | uu_ctrlpath/uu_join_J1/uu_c_el |   ACLK_DE_2   | setup |   n    |   n    |    1/1     |     50     |   -   |     -      | 
     |                | ement_join/genblk1.DRV_DONT_TO | ement_join/genblk1.DRV_DONT_TO |               |       |        |        |            |            |       |            | 
     |                |             UCH/Y              |             UCH/A              |               |       |        |        |            |            |       |            | 
     |  EPC_J1_req1   | uu_ctrlpath/uu_join_J1/uu_c_el | uu_ctrlpath/uu_join_J1/uu_c_el | EPC_LOOP1_req | setup |   n    |   n    |    1/1     |     50     |   -   |     -      | 
     |                | ement_join/genblk1.DRV_DONT_TO | ement_join/genblk1.DRV_DONT_TO |               |       |        |        |            |            |       |            | 
     |                |             UCH/Y              |             UCH/A              |               |       |        |        |            |            |       |            | 
     |  EPC_J2_req0   | uu_ctrlpath/uu_join_J2/uu_c_el | uu_ctrlpath/uu_join_J2/uu_c_el |   ACLK_FD_1   | setup |   n    |   n    |    1/1     |     0      |   -   |     -      | 
     |                | ement_join/genblk1.DRV_DONT_TO | ement_join/genblk1.DRV_DONT_TO |               |       |        |        |            |            |       |            | 
     |                |             UCH/Y              |             UCH/A              |               |       |        |        |            |            |       |            | 
     |  EPC_J2_req1   | uu_ctrlpath/uu_join_J2/uu_c_el | uu_ctrlpath/uu_join_J2/uu_c_el |  ACLK_REG_5   | setup |   n    |   n    |    1/1     |     50     |   -   |     -      | 
     |                | ement_join/genblk1.DRV_DONT_TO | ement_join/genblk1.DRV_DONT_TO |               |       |        |        |            |            |       |            | 
     |                |             UCH/Y              |             UCH/A              |               |       |        |        |            |            |       |            | 
     |  EPC_JL_req0_a | uu_ctrlpath/uu_join_LOOP_DE/uu | uu_ctrlpath/uu_join_LOOP_DE/uu |  EPC_J2_req0  | setup |   n    |   n    |    1/1     |     0      |   -   |     -      | 
     |                | _c_element_join/genblk1.DRV_DO | _c_element_join/genblk1.DRV_DO |               |       |        |        |            |            |       |            | 
     |                |           NT_TOUCH/Y           |           NT_TOUCH/A           |               |       |        |        |            |            |       |            | 
     |  EPC_JL_req0_b | uu_ctrlpath/uu_join_LOOP_DE/uu | uu_ctrlpath/uu_join_LOOP_DE/uu |  EPC_J2_req1  | setup |   n    |   n    |    1/1     |     50     |   -   |     -      | 
     |                | _c_element_join/genblk1.DRV_DO | _c_element_join/genblk1.DRV_DO |               |       |        |        |            |            |       |            | 
     |                |           NT_TOUCH/Y           |           NT_TOUCH/A           |               |       |        |        |            |            |       |            | 
     |  EPC_JL_req1   | uu_ctrlpath/uu_join_LOOP_DE/uu | uu_ctrlpath/uu_join_LOOP_DE/uu | EPC_LOOP2_req | setup |   n    |   n    |    1/1     |     50     |   -   |     -      | 
     |                | _c_element_join/genblk1.DRV_DO | _c_element_join/genblk1.DRV_DO |               |       |        |        |            |            |       |            | 
     |                |           NT_TOUCH/Y           |           NT_TOUCH/A           |               |       |        |        |            |            |       |            | 
     |  EPC_LOOP1_ack | uu_ctrlpath/uu_cell_LOOP1/uu_c | uu_ctrlpath/uu_cell_LOOP1/uu_c |   ACLK_PC_0   | setup |   n    |   n    |    1/1     |     50     |   -   |     -      | 
     |                |   _element/DRV_DONT_TOUCH/Y    |   _element/DRV_DONT_TOUCH/A    |               |       |        |        |            |            |       |            | 
     |  EPC_LOOP1_req | uu_ctrlpath/uu_cell_LOOP1/uu_c | uu_ctrlpath/uu_cell_LOOP1/uu_c |   ACLK_PC_0   | setup |   n    |   n    |    1/1     |     50     |   -   |     -      | 
     |                |   _element/DRV_DONT_TOUCH/Y    |   _element/DRV_DONT_TOUCH/A    |               |       |        |        |            |            |       |            | 
     |  EPC_LOOP2_ack | uu_ctrlpath/uu_cell_LOOP2/uu_c | uu_ctrlpath/uu_cell_LOOP2/uu_c |   ACLK_DE_2   | setup |   n    |   n    |    1/1     |     50     |   -   |     -      | 
     |                |   _element/DRV_DONT_TOUCH/Y    |   _element/DRV_DONT_TOUCH/A    |               |       |        |        |            |            |       |            | 
     |  EPC_LOOP2_req | uu_ctrlpath/uu_cell_LOOP2/uu_c | uu_ctrlpath/uu_cell_LOOP2/uu_c |   ACLK_DE_2   | setup |   n    |   n    |    1/1     |     50     |   -   |     -      | 
     |                |   _element/DRV_DONT_TOUCH/Y    |   _element/DRV_DONT_TOUCH/A    |               |       |        |        |            |            |       |            | 
     |  LAUNCH_DE_FD  | uu_ctrlpath/uu_cell_FD/uu_c_el | uu_ctrlpath/uu_cell_FD/uu_c_el |   ACLK_DE_2   | setup |   n    |   n    |    1/1     |     0      |   -   |     -      | 
     |                |     ement/DRV_DONT_TOUCH/Y     |  ement_mid/OR2_1_DONT_TOUCH/A  |               |       |        |        |            |            |       |            | 
     |  LAUNCH_DE_REG | uu_ctrlpath/uu_cell_REG/uu_c_e | uu_ctrlpath/uu_cell_REG/uu_c_e |   ACLK_DE_2   | setup |   n    |   n    |    1/1     |     0      |   -   |     -      | 
     |                |    lement/DRV_DONT_TOUCH/Y     |  lement_mid/OR2_1_DONT_TOUCH/A |               |       |        |        |            |            |       |            | 
     |  LAUNCH_EM_DE  | uu_ctrlpath/uu_cell_DE/uu_c_el | uu_ctrlpath/uu_cell_DE/uu_c_el | EPC_FL_ack0_b | setup |   n    |   n    |    1/1     |     0      |   -   |     -      | 
     |                |     ement/DRV_DONT_TOUCH/Y     |  ement_mid/OR2_1_DONT_TOUCH/A  |               |       |        |        |            |            |       |            | 
     |  LAUNCH_FD_PC  | uu_ctrlpath/uu_cell_PC/uu_c_el | uu_ctrlpath/uu_cell_PC/uu_c_el |  EPC_F1_ack0  | setup |   n    |   n    |    1/1     |     0      |   -   |     -      | 
     |                |     ement/DRV_DONT_TOUCH/Y     |  ement_mid/OR2_1_DONT_TOUCH/A  |               |       |        |        |            |            |       |            | 
     |  LAUNCH_MW_EM  | uu_ctrlpath/uu_cell_EM/uu_c_el | uu_ctrlpath/uu_cell_EM/uu_c_el |   ACLK_MW_4   | setup |   n    |   n    |    1/1     |     0      |   -   |     -      | 
     |                |     ement/DRV_DONT_TOUCH/Y     |  ement_mid/OR2_1_DONT_TOUCH/A  |               |       |        |        |            |            |       |            | 
     |  LAUNCH_PC_DE  | uu_ctrlpath/uu_cell_DE/uu_c_el | uu_ctrlpath/uu_cell_DE/uu_c_el | EPC_FL_ack0_a | setup |   n    |   n    |    1/1     |     0      |   -   |     -      | 
     |                |     ement/DRV_DONT_TOUCH/Y     |  ement_mid/OR2_1_DONT_TOUCH/A  |               |       |        |        |            |            |       |            | 
     |  LAUNCH_REG_MW | uu_ctrlpath/uu_cell_MW/uu_c_el | uu_ctrlpath/uu_cell_MW/uu_c_el |  ACLK_REG_5   | setup |   n    |   n    |    1/1     |     0      |   -   |     -      | 
     |                |     ement/DRV_DONT_TOUCH/Y     |  ement_mid/OR2_1_DONT_TOUCH/A  |               |       |        |        |            |            |       |            | 
     +---------------------------------------------------------------------------------------------------------------------------------------------------------------------------+ 
