VERIFY_CONNECTIVITY use new engine.

******** Start: VERIFY CONNECTIVITY ********
Start Time: Mon Jul 13 19:30:46 2026

Design Name: ariscv
Database Units: 2000
Design Boundary: (0.0000, 0.0000) (217.4000, 217.1700)
Error Limit = 1000; Warning Limit = 50
Check all nets
Use 4 pthreads
Net VSS: no routing.
Net VDD: no routing.

Begin Summary 
    2 Problem(s) (IMPVFC-98): Net has no global routing and no special routing.
    2 total info(s) created.
End Summary

End Time: Mon Jul 13 19:30:46 2026
Time Elapsed: 0:00:00.0

******** End: VERIFY CONNECTIVITY ********
  Verification Complete : 2 Viols.  0 Wrngs.
  (CPU Time: 0:00:00.5  MEM: 32.000M)

