*----------------------------------------------------------------------------------------
*	Innovus 22.14-s061_1 (64bit) 10/18/2023 11:21 (Linux 3.10.0-693.el7.x86_64)
*	
*
* 	Date & Time:	2026-Jul-17 09:30:27 (2026-Jul-17 12:30:27 GMT)
*
*----------------------------------------------------------------------------------------
*
*	Design: ariscv
*
*	Liberty Libraries used: 
*	        setup: /Tools/pdks/gpdk045_v_6_0/gsclib045_all_v4_4/gsclib045/timing/slow_vdd1v0_basicCells.lib
*
*	Power Domain used: 
*              Rail:        VDD      Voltage:        0.9 
*
*       Power View : setup
*
*       User-Defined Activity : N.A.
*
*       Activity File: N.A.
*
*       Hierarchical Global Activity: N.A.
*
*       Global Activity: N.A.
*
*       Sequential Element Activity: 0.200000
*
*       Primary Input Activity: 0.200000
*
*       Default icg ratio: N.A.
*
*       Global Comb ClockGate Ratio: N.A.
*
*	Power Units = 1mW
*
*	Time Units = 1e-09 secs 
*
*       report_power -outfile ../reports/innovus/power.rpt -hierarchy all
*
-----------------------------------------------------------------------------------------


Total Power 
-----------------------------------------------------------------------------------------
Total Internal Power:        4.79418476 	   67.2024%
Total Switching Power:       2.33921440 	   32.7899%
Total Leakage Power:         0.00054714 	    0.0077%
Total Power:                 7.13394630 
-----------------------------------------------------------------------------------------


Group                           Internal   Switching     Leakage       Total  Percentage 
                                Power      Power         Power         Power  (%)        
-----------------------------------------------------------------------------------------
Sequential                         3.023      0.2353   0.0002566       3.259       45.68 
Macro                                  0           0           0           0           0 
IO                                     0           0           0           0           0 
Combinational                     0.6211      0.9314   0.0002305       1.553       21.77 
Clock (Combinational)               1.15       1.173   6.006e-05       2.322       32.56 
Clock (Sequential)                     0           0           0           0           0 
-----------------------------------------------------------------------------------------
Total                              4.794       2.339   0.0005471       7.134         100 
-----------------------------------------------------------------------------------------


Clock                           Internal   Switching     Leakage       Total  Percentage 
                                Power      Power         Power         Power  (%)        
-----------------------------------------------------------------------------------------
EPC_J1_req0                      0.02429     0.01267   1.211e-06     0.03697      0.5182 
DUMMY_LOOP1                      0.06228     0.03224   3.051e-06     0.09453       1.325 
EPC_LOOP1_ack                    0.06228     0.03224   3.051e-06     0.09453       1.325 
EPC_J2_req0                       0.0183    0.009125   1.183e-06     0.02742      0.3844 
CAPTURE_DE_PC                     0.1283      0.1046   5.887e-06      0.2329       3.265 
EPC_J1_req1                      0.02429     0.01267   1.211e-06     0.03697      0.5182 
ACLK_REG_5                         0.362      0.4233   2.195e-05      0.7853       11.01 
CAPTURE_REG_DE                     0.284      0.2725   1.202e-05      0.5565       7.801 
ACLK_FD_1                         0.1418      0.1237    6.29e-06      0.2655       3.721 
LAUNCH_PC_DE                       0.284      0.2725   1.202e-05      0.5565       7.801 
EPC_LOOP2_req                    0.07416     0.04412   3.534e-06      0.1183       1.658 
EPC_LOOP1_req                    0.06228     0.03224   3.051e-06     0.09453       1.325 
ACLK_EM_3                        0.08532      0.0839   6.369e-06      0.1692       2.372 
ACLK_DE_2                          0.284      0.2725   1.202e-05      0.5565       7.801 
ACLK_PC_0                         0.1283      0.1046   5.887e-06      0.2329       3.265 
ACLK_MW_4                        0.08752     0.09157    5.29e-06      0.1791       2.511 
CAPTURE_EM_MW                    0.08752     0.09157    5.29e-06      0.1791       2.511 
LAUNCH_DE_REG                      0.362      0.4233   2.195e-05      0.7853       11.01 
LAUNCH_FD_PC                      0.1283      0.1046   5.887e-06      0.2329       3.265 
LAUNCH_MW_EM                     0.08532      0.0839   6.369e-06      0.1692       2.372 
LAUNCH_EM_DE                       0.284      0.2725   1.202e-05      0.5565       7.801 
CAPTURE_FD_DE                      0.284      0.2725   1.202e-05      0.5565       7.801 
EPC_F2_ack0                      0.02389     0.01455   1.292e-06     0.03844      0.5388 
LAUNCH_DE_FD                      0.1418      0.1237    6.29e-06      0.2655       3.721 
EPC_F1_ack0                      0.02603     0.01394   1.285e-06     0.03997      0.5602 
CAPTURE_DE_EM                    0.08532      0.0839   6.369e-06      0.1692       2.372 
EPC_F2_ack1                      0.02389     0.01455   1.292e-06     0.03844      0.5388 
EPC_F1_ack1                      0.02603     0.01394   1.285e-06     0.03997      0.5602 
EPC_LOOP2_ack                    0.07416     0.04412   3.534e-06      0.1183       1.658 
EPC_J2_req1                       0.0183    0.009125   1.183e-06     0.02742      0.3844 
CAPTURE_MW_REG                     0.362      0.4233   2.195e-05      0.7853       11.01 
CAPTURE_PC_FD                     0.1418      0.1237    6.29e-06      0.2655       3.721 
LAUNCH_REG_MW                    0.08752     0.09157    5.29e-06      0.1791       2.511 
DUMMY_LOOP2                      0.07416     0.04412   3.534e-06      0.1183       1.658 
-----------------------------------------------------------------------------------------
Total (excluding duplicates)        1.15       1.173   6.006e-05       2.322       32.56 
-----------------------------------------------------------------------------------------
Clock: EPC_LOOP1_ack
Clock Period: 0.001400 usec 
Clock Toggle Rate:  1428.5714 Mhz 
Clock Static Probability:  0.5000

Clock: EPC_J1_req1
Clock Period: 0.001400 usec 
Clock Toggle Rate:  1428.5714 Mhz 
Clock Static Probability:  0.5000

Clock: ACLK_REG_5
Clock Period: 0.002000 usec 
Clock Toggle Rate:  1000.0000 Mhz 
Clock Static Probability:  0.5000

Clock: CAPTURE_REG_DE
Clock Period: 0.002000 usec 
Clock Toggle Rate:  1000.0000 Mhz 
Clock Static Probability:  0.5000

Clock: LAUNCH_PC_DE
Clock Period: 0.001400 usec 
Clock Toggle Rate:  1428.5714 Mhz 
Clock Static Probability:  0.5000

Clock: EPC_LOOP2_req
Clock Period: 0.001400 usec 
Clock Toggle Rate:  1428.5714 Mhz 
Clock Static Probability:  0.5000

Clock: EPC_LOOP1_req
Clock Period: 0.001400 usec 
Clock Toggle Rate:  1428.5714 Mhz 
Clock Static Probability:  0.5000

Clock: ACLK_PC_0
Clock Period: 0.001400 usec 
Clock Toggle Rate:  1428.5714 Mhz 
Clock Static Probability:  0.5000

Clock: EPC_F2_ack0
Clock Period: 0.001400 usec 
Clock Toggle Rate:  1428.5714 Mhz 
Clock Static Probability:  0.5000

Clock: EPC_F1_ack1
Clock Period: 0.001400 usec 
Clock Toggle Rate:  1428.5714 Mhz 
Clock Static Probability:  0.5000

Clock: EPC_LOOP2_ack
Clock Period: 0.001400 usec 
Clock Toggle Rate:  1428.5714 Mhz 
Clock Static Probability:  0.5000

Clock: EPC_J2_req1
Clock Period: 0.002000 usec 
Clock Toggle Rate:  1000.0000 Mhz 
Clock Static Probability:  0.5000

Clock: CAPTURE_PC_FD
Clock Period: 0.001400 usec 
Clock Toggle Rate:  1428.5714 Mhz 
Clock Static Probability:  0.5000

Clock: LAUNCH_REG_MW
Clock Period: 0.002000 usec 
Clock Toggle Rate:  1000.0000 Mhz 
Clock Static Probability:  0.5000



Rail                  Voltage   Internal   Switching     Leakage       Total  Percentage 
                                Power      Power         Power         Power  (%)        
-----------------------------------------------------------------------------------------
VDD                       0.9      4.794       2.339   0.0005471       7.134         100 


Total Power 
-----------------------------------------------------------------------------------------
Total Internal Power:        4.79418476 	   67.2024%
Total Switching Power:       2.33921440 	   32.7899%
Total Leakage Power:         0.00054714 	    0.0077%
Total Power:                 7.13394630 
-----------------------------------------------------------------------------------------


Hierarchy                       Internal   Switching     Leakage       Total  Percentage 
                                Power      Power         Power         Power  (%)        
-----------------------------------------------------------------------------------------
uu_dtpath                          4.171       1.845   0.0005139       6.017       84.34  
uu_ctrlpath                       0.6084      0.4526   3.018e-05       1.061       14.87  
uu_dtpath/uu_dec                   2.853        1.02   0.0003395       3.873       54.29  
uu_dtpath/uu_exec                 0.6048      0.4935   0.0001058       1.098        15.4  
uu_dtpath/uu_fetch                0.4177      0.1505   3.614e-05      0.5682       7.965  
uu_dtpath/uu_mem                  0.2697     0.08138   2.109e-05      0.3511       4.922  
uu_ctrlpath/uu_cell_DE           0.02613      0.0179   1.382e-06     0.04403      0.6172  
uu_ctrlpath/uu_cell_EM           0.01718    0.009642    1.21e-06     0.02682       0.376  
uu_ctrlpath/uu_cell_FD           0.02793     0.01808   1.363e-06     0.04601      0.6449  
uu_ctrlpath/uu_cell_MW           0.01587    0.008022   1.231e-06     0.02389      0.3349  
uu_ctrlpath/uu_cell_PC           0.03056     0.02026   1.637e-06     0.05083      0.7125  
uu_ctrlpath/uu_cell_REG          0.03117     0.02694   1.903e-06     0.05812      0.8146  
uu_dtpath/uu_wb                  0.01749     0.05013   7.284e-06     0.06763       0.948  
uu_ctrlpath/uu_cell_LOOP1         0.0364     0.02655    1.72e-06     0.06295      0.8824  
uu_ctrlpath/uu_cell_LOOP2        0.02941      0.0183   1.435e-06     0.04771      0.6687  
uu_ctrlpath/uu_dly_DE_EM         0.05036     0.04589   1.987e-06     0.09625       1.349  
uu_ctrlpath/uu_dly_DE_PC         0.06699     0.05155   2.633e-06      0.1185       1.662  
uu_ctrlpath/uu_dly_EM_MW         0.00682    0.004386   4.723e-07     0.01121      0.1571  
uu_ctrlpath/uu_dly_FD_J2         0.03323     0.02036   1.292e-06     0.05359      0.7512  
uu_ctrlpath/uu_dly_L2_J1        0.008301    0.005773   3.229e-07     0.01407      0.1973  
uu_ctrlpath/uu_dly_MW_REG        0.01455    0.006917   8.073e-07     0.02147      0.3009  
uu_ctrlpath/uu_dly_PC_FD         0.01731     0.01794    6.81e-07     0.03525      0.4941  
uu_ctrlpath/uu_dly_PC_L1         0.01097     0.01269   4.376e-07     0.02366      0.3317  
uu_ctrlpath/uu_dly_REG_J2        0.02178     0.01303   1.226e-06     0.03482       0.488  
uu_ctrlpath/uu_fork_F1           0.03274     0.02145   1.567e-06     0.05418      0.7595  
uu_ctrlpath/uu_fork_F2           0.03239     0.02565   1.949e-06     0.05804      0.8135  
uu_ctrlpath/uu_join_J1           0.03599     0.02461   1.707e-06      0.0606      0.8495  
uu_ctrlpath/uu_join_J2           0.02109      0.0126   1.298e-06     0.03369      0.4723  
uu_dtpath/uu_dec/uu_reg_file
                                   2.341      0.7867   0.0003029       3.128       43.85  
uu_ctrlpath/uu_cell_DE/uu_c_element
                                  0.0258     0.01737   1.361e-06     0.04317      0.6051  
uu_ctrlpath/uu_cell_EM/uu_c_element
                                 0.01673    0.008983   1.167e-06     0.02572      0.3605  
uu_ctrlpath/uu_cell_FD/uu_c_element
                                 0.02793     0.01808   1.363e-06     0.04601      0.6449  
uu_ctrlpath/uu_cell_MW/uu_c_element
                                 0.01564      0.0077   1.211e-06     0.02334      0.3271  
uu_ctrlpath/uu_cell_PC/uu_c_element
                                 0.03037     0.01989   1.626e-06     0.05027      0.7046  
uu_ctrlpath/uu_cell_REG/uu_c_element
                                 0.03054     0.02567    1.86e-06      0.0562      0.7878  
uu_dtpath/uu_dec/uu_ctrl_unit
                                0.002899    0.003938   1.581e-06    0.006838     0.09586  
uu_dtpath/uu_dec/uu_extend
                                0.006822     0.01164   2.663e-06     0.01847      0.2589  
uu_dtpath/uu_exec/uu_alu          0.3008      0.3147    6.78e-05      0.6156       8.629  
uu_ctrlpath/uu_cell_LOOP1/uu_c_element
                                 0.03621     0.02615    1.71e-06     0.06237      0.8743  
uu_ctrlpath/uu_cell_LOOP2/uu_c_element
                                 0.02908     0.01744   1.415e-06     0.04652      0.6521  
uu_ctrlpath/uu_fork_F1/uu_c_element_fork
                                 0.03274     0.02145   1.567e-06     0.05418      0.7595  
uu_ctrlpath/uu_fork_F2/uu_c_element_fork
                                 0.03239     0.02565   1.949e-06     0.05804      0.8135  
uu_ctrlpath/uu_join_J1/uu_c_element_join
                                 0.03599     0.02461   1.707e-06      0.0606      0.8495  
uu_ctrlpath/uu_join_J2/uu_c_element_join
                                 0.02109      0.0126   1.298e-06     0.03369      0.4723  


-----------------------------------------------------------------------------------------
*	Power Distribution Summary: 
*                Highest Average Power: uu_ctrlpath/uu_cell_DE/uu_c_element/genblk1.DRV_DONT_TOUCH (AND2X8):         0.009183 
*                Highest Leakage Power:  uu_dtpath/uu_fetch/g1088 (CLKINVX20):        5.007e-07 
*          Total Cap:      2.50166e-11 F
*          Total instances in design:  5914
*          Total instances in design with no power:     0
*          Total instances in design with no activity:     0
*          Total Fillers and Decap:     0
-----------------------------------------------------------------------------------------

