**WARN: (IMPFP-3803):	Command "reportRoute" is obsolete and has been replaced by "report_route". 
The obsolete command still works in this release, but to avoid this warning and to ensure compatibility with future releases, update your script to use "report_route".
Type 'man IMPFP-3803' for more detail.
#num needed restored net=0
#need_extraction net=0 (total=6386)
#WARNING (NRDB-2120) Special net VDD is missing wiring shapes, will disable tie-net connections to this net.
#WARNING (NRDB-2120) Special net VSS is missing wiring shapes, will disable tie-net connections to this net.
#
# statistics:
#Cpu time = 00:00:01
#Elapsed time = 00:00:00
#Increased memory = -50.58 (MB)
#Total memory = 2776.24 (MB)
#Peak memory = 3065.99 (MB)
#Number of warnings = 2
#Total number of warnings = 20
#Number of fails = 0
#Total number of fails = 0
#Complete  on Thu Jul 23 19:54:08 2026
#
*** Statistics for net list ariscv ***
Number of cells      = 6059
Number of nets       = 6169
Number of tri-nets   = 0
Number of degen nets = 27
Number of pins       = 24916
Number of i/os       = 169

Number of nets with    1 terms = 27 (0.4%)
Number of nets with    2 terms = 3516 (57.0%)
Number of nets with    3 terms = 749 (12.1%)
Number of nets with    4 terms = 1197 (19.4%)
Number of nets with    5 terms = 142 (2.3%)
Number of nets with    6 terms = 34 (0.6%)
Number of nets with    7 terms = 48 (0.8%)
Number of nets with    8 terms = 34 (0.6%)
Number of nets with    9 terms = 50 (0.8%)
Number of nets with >=10 terms = 372 (6.0%)

*** 139 Primitives used:
Primitive XOR2X4 (1 insts)
Primitive XNOR2X2 (4 insts)
Primitive XNOR2X1 (48 insts)
Primitive SDFFRHQX1 (1024 insts)
Primitive OR4X1 (4 insts)
Primitive OR3X6 (1 insts)
Primitive OR3X1 (13 insts)
Primitive OR2X8 (5 insts)
Primitive OR2X6 (26 insts)
Primitive OR2X4 (10 insts)
Primitive OR2X2 (13 insts)
Primitive OR2X1 (103 insts)
Primitive OAI32X1 (1 insts)
Primitive OAI31X2 (1 insts)
Primitive OAI31X1 (8 insts)
Primitive OAI2BB2X2 (2 insts)
Primitive OAI2BB2X1 (1 insts)
Primitive OAI2BB1X4 (9 insts)
Primitive OAI2BB1X2 (31 insts)
Primitive OAI2BB1X1 (85 insts)
Primitive OAI22X2 (13 insts)
Primitive OAI22X1 (18 insts)
Primitive OAI222X1 (1 insts)
Primitive OAI221X2 (4 insts)
Primitive OAI221X1 (1 insts)
Primitive OAI21XL (1 insts)
Primitive OAI21X4 (2 insts)
Primitive OAI21X2 (16 insts)
Primitive OAI21X1 (90 insts)
Primitive OAI211X1 (2 insts)
Primitive OA22X1 (29 insts)
Primitive OA21X1 (28 insts)
Primitive NOR4X4 (2 insts)
Primitive NOR3X4 (3 insts)
Primitive NOR3X2 (1 insts)
Primitive NOR3X1 (12 insts)
Primitive NOR3BX1 (32 insts)
Primitive NOR2X8 (1 insts)
Primitive NOR2X6 (1 insts)
Primitive NOR2X4 (5 insts)
Primitive NOR2X2 (16 insts)
Primitive NOR2X1 (99 insts)
Primitive NOR2BX4 (5 insts)
Primitive NOR2BX2 (7 insts)
Primitive NOR2BX1 (301 insts)
Primitive NAND4XL (29 insts)
Primitive NAND4X4 (9 insts)
Primitive NAND4X2 (2 insts)
Primitive NAND4X1 (25 insts)
Primitive NAND4BX4 (1 insts)
Primitive NAND4BX2 (3 insts)
Primitive NAND4BX1 (62 insts)
Primitive NAND4BBXL (25 insts)
Primitive NAND4BBX1 (39 insts)
Primitive NAND3X2 (1 insts)
Primitive NAND3X1 (4 insts)
Primitive NAND3BXL (2 insts)
Primitive NAND3BX1 (2 insts)
Primitive NAND2X4 (1 insts)
Primitive NAND2X2 (36 insts)
Primitive NAND2X1 (113 insts)
Primitive NAND2BX4 (1 insts)
Primitive NAND2BX2 (4 insts)
Primitive NAND2BX1 (70 insts)
Primitive MXI2XL (10 insts)
Primitive MXI2X2 (10 insts)
Primitive MXI2X1 (5 insts)
Primitive MX4XL (1 insts)
Primitive MX3XL (1 insts)
Primitive MX2X1 (148 insts)
Primitive INVXL (7 insts)
Primitive INVX6 (1 insts)
Primitive INVX4 (1 insts)
Primitive INVX3 (10 insts)
Primitive INVX2 (17 insts)
Primitive INVX1 (160 insts)
Primitive DFFRX2 (24 insts)
Primitive DFFRX1 (3 insts)
Primitive DFFRHQX4 (5 insts)
Primitive DFFRHQX2 (14 insts)
Primitive DFFRHQX1 (501 insts)
Primitive CLKXOR2X2 (2 insts)
Primitive CLKXOR2X1 (40 insts)
Primitive CLKMX2X2 (18 insts)
Primitive CLKINVX8 (10 insts)
Primitive CLKINVX6 (8 insts)
Primitive CLKINVX4 (6 insts)
Primitive CLKINVX20 (3 insts)
Primitive CLKINVX16 (1 insts)
Primitive CLKBUFX8 (21 insts)
Primitive CLKBUFX6 (16 insts)
Primitive CLKBUFX4 (213 insts)
Primitive CLKBUFX3 (49 insts)
Primitive CLKBUFX20 (4 insts)
Primitive CLKBUFX2 (51 insts)
Primitive CLKAND2X4 (1 insts)
Primitive CLKAND2X2 (1 insts)
Primitive BUFX4 (11 insts)
Primitive BUFX3 (24 insts)
Primitive BUFX2 (382 insts)
Primitive BUFX12 (9 insts)
Primitive AOI32X2 (1 insts)
Primitive AOI31X1 (2 insts)
Primitive AOI2BB2X2 (7 insts)
Primitive AOI2BB2X1 (2 insts)
Primitive AOI2BB1X2 (5 insts)
Primitive AOI2BB1X1 (42 insts)
Primitive AOI22XL (3 insts)
Primitive AOI22X4 (2 insts)
Primitive AOI22X2 (31 insts)
Primitive AOI22X1 (826 insts)
Primitive AOI222X1 (64 insts)
Primitive AOI221XL (1 insts)
Primitive AOI221X4 (1 insts)
Primitive AOI221X2 (14 insts)
Primitive AOI221X1 (106 insts)
Primitive AOI21XL (5 insts)
Primitive AOI21X2 (10 insts)
Primitive AOI21X1 (65 insts)
Primitive AOI211XL (3 insts)
Primitive AOI211X4 (2 insts)
Primitive AOI211X2 (5 insts)
Primitive AOI211X1 (5 insts)
Primitive AO22X2 (4 insts)
Primitive AO22X1 (137 insts)
Primitive AO21X2 (1 insts)
Primitive AO21X1 (17 insts)
Primitive AND4XL (1 insts)
Primitive AND4X1 (1 insts)
Primitive AND3XL (2 insts)
Primitive AND3X6 (1 insts)
Primitive AND3X2 (1 insts)
Primitive AND3X1 (1 insts)
Primitive AND2X8 (1 insts)
Primitive AND2X6 (68 insts)
Primitive AND2X4 (3 insts)
Primitive AND2X2 (2 insts)
Primitive AND2X1 (303 insts)
Primitive ADDHX1 (17 insts)
************
*** Net length and connection length statistics (cell ariscv) ***

Total net length = 1.035e+05 (5.065e+04 5.286e+04)

Avg net length = 1.678e+01 (sigma = 2.674e+01)
Sqrt of avg square net length = 3.157e+01

Avg connection length = 5.514e+00 (sigma = 6.844e+00)
Sqrt of avg square connection length = 8.789e+00

Net and connection length distribution:

[length   range   ]      #net #connection
[0.00e+00 4.00e+00]:     1449     2965
[4.00e+00 8.00e+00]:     1484     1614
[8.00e+00 1.20e+01]:     1249      559
[1.20e+01 1.60e+01]:      419      255
[1.60e+01 2.00e+01]:      289      185
[2.00e+01 2.40e+01]:      255      149
[2.40e+01 2.80e+01]:      161      102
[2.80e+01 3.20e+01]:      103       75
[3.20e+01 3.60e+01]:      103       62
[3.60e+01 4.00e+01]:       70       56
[4.00e+01 4.40e+01]:       73       49
[4.40e+01 4.80e+01]:       60       24
[4.80e+01 5.20e+01]:       46       17
[5.20e+01 5.60e+01]:       56       22
[5.60e+01 6.00e+01]:       23        5
[6.00e+01 6.40e+01]:       32        8
[6.40e+01 6.80e+01]:       28        3
[6.80e+01 7.20e+01]:       25        9
[7.20e+01 7.60e+01]:       11        0
[7.60e+01 8.00e+01]:       18        1
[8.00e+01 8.40e+01]:       20        3
[8.40e+01 8.80e+01]:        9        0
[8.80e+01 9.20e+01]:       11        3
[9.20e+01 9.60e+01]:        2        0
[9.60e+01 1.00e+02]:        7        1
[1.00e+02 1.04e+02]:        6        1
[1.04e+02 1.08e+02]:        6        0
[1.08e+02 1.12e+02]:        3        0
[1.12e+02 1.16e+02]:        6        1
[1.16e+02 1.20e+02]:        6        0
[1.20e+02 1.24e+02]:        5        0
[1.24e+02 1.28e+02]:        5        0
[1.28e+02 1.32e+02]:        5        0
[1.32e+02 1.36e+02]:       11        0
[1.36e+02 1.40e+02]:       10        0
[1.40e+02 1.44e+02]:       14        0
[1.44e+02 1.48e+02]:       10        0
[1.48e+02 1.52e+02]:        8        0
[1.52e+02 1.56e+02]:       15        0
[1.56e+02 1.60e+02]:       10        0
[1.60e+02 1.64e+02]:        8        0
[1.64e+02 1.68e+02]:        8        0
[1.68e+02 1.72e+02]:        4        0
[1.72e+02 1.76e+02]:        3        0
[1.76e+02 1.80e+02]:        6        0
[1.80e+02 1.84e+02]:        4        0
[1.84e+02 1.88e+02]:        7        0
[1.88e+02 1.92e+02]:        1        0
[1.92e+02 1.96e+02]:        2        0
[1.96e+02 2.00e+02]:        1        0
[2.40e+02 2.44e+02]:        1        0
[2.72e+02 2.76e+02]:        1        0


Total number of long connections = 0
Io: nrCon=0


Total length: 1.265e+05um, number of vias: 49613
M1(H) length: 3.901e+03um, number of vias: 25010
M2(V) length: 3.967e+04um, number of vias: 19089
M3(H) length: 4.700e+04um, number of vias: 4813
M4(V) length: 2.683e+04um, number of vias: 683
M5(H) length: 8.878e+03um, number of vias: 18
M6(V) length: 2.744e+02um, number of vias: 0
M7(H) length: 0.000e+00um, number of vias: 0
M8(V) length: 0.000e+00um, number of vias: 0
M9(H) length: 0.000e+00um, number of vias: 0
M10(V) length: 0.000e+00um, number of vias: 0
M11(H) length: 0.000e+00um

