**WARN: (IMPFP-3803):	Command "reportRoute" is obsolete and has been replaced by "report_route". 
The obsolete command still works in this release, but to avoid this warning and to ensure compatibility with future releases, update your script to use "report_route".
Type 'man IMPFP-3803' for more detail.
#WARNING (NRIG-1330) Net o_writeAddr[0] has routing id (31) setting for "top_preferred_layer" out of routing layer range (0, 11]. NanoRoute will change it to default setting and continue.
#WARNING (NRIG-1330) Net uu_dtpath/uu_dec/rd2_w[1] has routing id (31) setting for "top_preferred_layer" out of routing layer range (0, 11]. NanoRoute will change it to default setting and continue.
#WARNING (NRIG-1330) Net uu_dtpath/uu_dec/rd2_w[18] has routing id (31) setting for "top_preferred_layer" out of routing layer range (0, 11]. NanoRoute will change it to default setting and continue.
#WARNING (NRIG-1330) Net uu_dtpath/uu_dec/rd2_w[25] has routing id (31) setting for "top_preferred_layer" out of routing layer range (0, 11]. NanoRoute will change it to default setting and continue.
#WARNING (NRIG-1330) Net uu_dtpath/uu_dec/rd1_w[21] has routing id (31) setting for "top_preferred_layer" out of routing layer range (0, 11]. NanoRoute will change it to default setting and continue.
#WARNING (NRIG-1330) Net uu_dtpath/uu_dec/rd1_w[22] has routing id (31) setting for "top_preferred_layer" out of routing layer range (0, 11]. NanoRoute will change it to default setting and continue.
#WARNING (NRIG-1330) Net uu_dtpath/uu_dec/FE_OFN322_rd1_w_0 has routing id (31) setting for "top_preferred_layer" out of routing layer range (0, 11]. NanoRoute will change it to default setting and continue.
#num needed restored net=0
#need_extraction net=0 (total=6569)
#WARNING (NRDB-2120) Special net VDD is missing wiring shapes, will disable tie-net connections to this net.
#WARNING (NRDB-2120) Special net VSS is missing wiring shapes, will disable tie-net connections to this net.
#
# statistics:
#Cpu time = 00:00:01
#Elapsed time = 00:00:00
#Increased memory = -33.85 (MB)
#Total memory = 2584.71 (MB)
#Peak memory = 2826.46 (MB)
#Number of warnings = 9
#Total number of warnings = 32
#Number of fails = 0
#Total number of fails = 0
#Complete  on Thu Jul  2 17:01:06 2026
#
*** Statistics for net list ariscv ***
Number of cells      = 6203
Number of nets       = 6285
Number of tri-nets   = 0
Number of degen nets = 15
Number of pins       = 25072
Number of i/os       = 168

Number of nets with    1 terms = 15 (0.2%)
Number of nets with    2 terms = 3517 (56.0%)
Number of nets with    3 terms = 822 (13.1%)
Number of nets with    4 terms = 1230 (19.6%)
Number of nets with    5 terms = 126 (2.0%)
Number of nets with    6 terms = 54 (0.9%)
Number of nets with    7 terms = 54 (0.9%)
Number of nets with    8 terms = 63 (1.0%)
Number of nets with    9 terms = 62 (1.0%)
Number of nets with >=10 terms = 342 (5.4%)

*** 164 Primitives used:
Primitive XOR3X1 (1 insts)
Primitive XNOR2X2 (2 insts)
Primitive XNOR2X1 (65 insts)
Primitive SDFFRX2 (1 insts)
Primitive SDFFRHQX8 (13 insts)
Primitive SDFFRHQX4 (25 insts)
Primitive SDFFRHQX2 (155 insts)
Primitive SDFFRHQX1 (830 insts)
Primitive OR4X6 (1 insts)
Primitive OR4X1 (8 insts)
Primitive OR3X6 (6 insts)
Primitive OR3X4 (1 insts)
Primitive OR3X2 (1 insts)
Primitive OR3X1 (14 insts)
Primitive OR2XL (1 insts)
Primitive OR2X8 (7 insts)
Primitive OR2X6 (33 insts)
Primitive OR2X4 (5 insts)
Primitive OR2X2 (13 insts)
Primitive OR2X1 (65 insts)
Primitive OAI32X4 (2 insts)
Primitive OAI32X1 (1 insts)
Primitive OAI31X1 (11 insts)
Primitive OAI2BB2X4 (6 insts)
Primitive OAI2BB2X2 (7 insts)
Primitive OAI2BB1X4 (1 insts)
Primitive OAI2BB1X2 (19 insts)
Primitive OAI2BB1X1 (114 insts)
Primitive OAI22X4 (3 insts)
Primitive OAI22X2 (15 insts)
Primitive OAI22X1 (6 insts)
Primitive OAI222X4 (2 insts)
Primitive OAI222X2 (3 insts)
Primitive OAI222X1 (4 insts)
Primitive OAI221X4 (1 insts)
Primitive OAI221X2 (7 insts)
Primitive OAI221X1 (4 insts)
Primitive OAI21X2 (20 insts)
Primitive OAI21X1 (81 insts)
Primitive OAI211X1 (1 insts)
Primitive OA22X4 (1 insts)
Primitive OA22X2 (1 insts)
Primitive OA22X1 (48 insts)
Primitive OA21X1 (43 insts)
Primitive NOR4X4 (1 insts)
Primitive NOR4X2 (1 insts)
Primitive NOR3X8 (1 insts)
Primitive NOR3X4 (1 insts)
Primitive NOR3X1 (9 insts)
Primitive NOR3BX4 (1 insts)
Primitive NOR3BX1 (8 insts)
Primitive NOR2XL (1 insts)
Primitive NOR2X8 (2 insts)
Primitive NOR2X6 (30 insts)
Primitive NOR2X4 (30 insts)
Primitive NOR2X2 (40 insts)
Primitive NOR2X1 (116 insts)
Primitive NOR2BX4 (7 insts)
Primitive NOR2BX2 (4 insts)
Primitive NOR2BX1 (113 insts)
Primitive NAND4XL (12 insts)
Primitive NAND4X4 (6 insts)
Primitive NAND4X2 (10 insts)
Primitive NAND4X1 (49 insts)
Primitive NAND3XL (1 insts)
Primitive NAND3X8 (4 insts)
Primitive NAND3X6 (4 insts)
Primitive NAND3X4 (44 insts)
Primitive NAND3X2 (28 insts)
Primitive NAND3X1 (13 insts)
Primitive NAND3BXL (2 insts)
Primitive NAND3BX4 (1 insts)
Primitive NAND3BX2 (1 insts)
Primitive NAND3BX1 (5 insts)
Primitive NAND2XL (11 insts)
Primitive NAND2X8 (30 insts)
Primitive NAND2X6 (67 insts)
Primitive NAND2X4 (32 insts)
Primitive NAND2X2 (31 insts)
Primitive NAND2X1 (130 insts)
Primitive NAND2BX4 (7 insts)
Primitive NAND2BX2 (6 insts)
Primitive NAND2BX1 (58 insts)
Primitive MXI2XL (21 insts)
Primitive MXI2X6 (1 insts)
Primitive MXI2X2 (15 insts)
Primitive MXI2X1 (18 insts)
Primitive MX2X1 (149 insts)
Primitive INVXL (32 insts)
Primitive INVX8 (2 insts)
Primitive INVX6 (1 insts)
Primitive INVX3 (6 insts)
Primitive INVX2 (28 insts)
Primitive INVX1 (173 insts)
Primitive DFFRX2 (10 insts)
Primitive DFFRX1 (4 insts)
Primitive DFFRHQX8 (2 insts)
Primitive DFFRHQX4 (70 insts)
Primitive DFFRHQX2 (1 insts)
Primitive DFFRHQX1 (460 insts)
Primitive CLKXOR2X1 (24 insts)
Primitive CLKMX2X3 (3 insts)
Primitive CLKMX2X2 (12 insts)
Primitive CLKINVX8 (11 insts)
Primitive CLKINVX6 (9 insts)
Primitive CLKINVX4 (5 insts)
Primitive CLKINVX20 (1 insts)
Primitive CLKINVX12 (1 insts)
Primitive CLKBUFX8 (26 insts)
Primitive CLKBUFX6 (52 insts)
Primitive CLKBUFX4 (199 insts)
Primitive CLKBUFX3 (139 insts)
Primitive CLKBUFX20 (1 insts)
Primitive CLKBUFX2 (14 insts)
Primitive CLKAND2X6 (46 insts)
Primitive CLKAND2X4 (3 insts)
Primitive CLKAND2X3 (59 insts)
Primitive CLKAND2X2 (104 insts)
Primitive CLKAND2X12 (2 insts)
Primitive BUFX4 (11 insts)
Primitive BUFX3 (42 insts)
Primitive BUFX2 (367 insts)
Primitive BUFX12 (10 insts)
Primitive AOI32X4 (1 insts)
Primitive AOI32X1 (2 insts)
Primitive AOI31X2 (3 insts)
Primitive AOI31X1 (2 insts)
Primitive AOI2BB2X2 (1 insts)
Primitive AOI2BB2X1 (2 insts)
Primitive AOI2BB1X4 (1 insts)
Primitive AOI2BB1X2 (5 insts)
Primitive AOI2BB1X1 (22 insts)
Primitive AOI22XL (7 insts)
Primitive AOI22X4 (13 insts)
Primitive AOI22X2 (112 insts)
Primitive AOI22X1 (688 insts)
Primitive AOI222X4 (3 insts)
Primitive AOI222X2 (41 insts)
Primitive AOI222X1 (15 insts)
Primitive AOI221X4 (18 insts)
Primitive AOI221X2 (55 insts)
Primitive AOI221X1 (30 insts)
Primitive AOI21XL (1 insts)
Primitive AOI21X4 (5 insts)
Primitive AOI21X2 (5 insts)
Primitive AOI21X1 (58 insts)
Primitive AOI211XL (1 insts)
Primitive AOI211X2 (3 insts)
Primitive AOI211X1 (2 insts)
Primitive AO22X2 (3 insts)
Primitive AO22X1 (171 insts)
Primitive AO21X4 (5 insts)
Primitive AO21X2 (3 insts)
Primitive AO21X1 (29 insts)
Primitive AND3XL (2 insts)
Primitive AND3X6 (1 insts)
Primitive AND3X1 (1 insts)
Primitive AND2XL (28 insts)
Primitive AND2X8 (18 insts)
Primitive AND2X6 (57 insts)
Primitive AND2X4 (3 insts)
Primitive AND2X2 (3 insts)
Primitive AND2X1 (82 insts)
Primitive ADDHX1 (2 insts)
************
*** Net length and connection length statistics (cell ariscv) ***

Total net length = 1.142e+05 (5.415e+04 6.008e+04)

Avg net length = 1.818e+01 (sigma = 3.004e+01)
Sqrt of avg square net length = 3.511e+01

Avg connection length = 6.075e+00 (sigma = 8.771e+00)
Sqrt of avg square connection length = 1.067e+01

Net and connection length distribution:

[length   range   ]      #net #connection
[0.00e+00 4.00e+00]:     1384     2928
[4.00e+00 8.00e+00]:     1514     1706
[8.00e+00 1.20e+01]:     1256      592
[1.20e+01 1.60e+01]:      490      269
[1.60e+01 2.00e+01]:      281      161
[2.00e+01 2.40e+01]:      231      111
[2.40e+01 2.80e+01]:      208      106
[2.80e+01 3.20e+01]:      133       84
[3.20e+01 3.60e+01]:      111       84
[3.60e+01 4.00e+01]:       79       60
[4.00e+01 4.40e+01]:       58       34
[4.40e+01 4.80e+01]:       40       24
[4.80e+01 5.20e+01]:       38       13
[5.20e+01 5.60e+01]:       41       15
[5.60e+01 6.00e+01]:       29        9
[6.00e+01 6.40e+01]:       29        6
[6.40e+01 6.80e+01]:       19        7
[6.80e+01 7.20e+01]:       20        7
[7.20e+01 7.60e+01]:       18        7
[7.60e+01 8.00e+01]:       22       15
[8.00e+01 8.40e+01]:       23        9
[8.40e+01 8.80e+01]:        9        2
[8.80e+01 9.20e+01]:       12        8
[9.20e+01 9.60e+01]:       13        4
[9.60e+01 1.00e+02]:        7        2
[1.00e+02 1.04e+02]:       15        3
[1.04e+02 1.08e+02]:       10        1
[1.08e+02 1.12e+02]:       11        2
[1.12e+02 1.16e+02]:       15        4
[1.16e+02 1.20e+02]:       13        5
[1.20e+02 1.24e+02]:       12        4
[1.24e+02 1.28e+02]:        4        2
[1.28e+02 1.32e+02]:        2        1
[1.32e+02 1.36e+02]:        1        0
[1.36e+02 1.40e+02]:        4        0
[1.40e+02 1.44e+02]:        5        0
[1.44e+02 1.48e+02]:        2        0
[1.48e+02 1.52e+02]:        3        0
[1.52e+02 1.56e+02]:       13        0
[1.56e+02 1.60e+02]:       15        0
[1.60e+02 1.64e+02]:        8        0
[1.64e+02 1.68e+02]:        7        0
[1.68e+02 1.72e+02]:       14        0
[1.72e+02 1.76e+02]:       10        0
[1.76e+02 1.80e+02]:       12        0
[1.80e+02 1.84e+02]:       12        0
[1.84e+02 1.88e+02]:        8        0
[1.88e+02 1.92e+02]:        2        0
[1.92e+02 1.96e+02]:        5        0
[1.96e+02 2.00e+02]:        4        0
[2.00e+02 2.04e+02]:        4        0
[2.08e+02 2.12e+02]:        1        0
[2.12e+02 2.16e+02]:        2        0
[2.16e+02 2.20e+02]:        3        0
[2.20e+02 2.24e+02]:        1        0
[2.28e+02 2.32e+02]:        1        0
[2.56e+02 2.60e+02]:        1        0


Total number of long connections = 0
Io: nrCon=0


Total length: 1.351e+05um, number of vias: 51778
M1(H) length: 2.370e+03um, number of vias: 25027
M2(V) length: 3.848e+04um, number of vias: 19759
M3(H) length: 4.622e+04um, number of vias: 5797
M4(V) length: 3.167e+04um, number of vias: 831
M5(H) length: 1.049e+04um, number of vias: 125
M6(V) length: 1.321e+03um, number of vias: 87
M7(H) length: 1.617e+03um, number of vias: 69
M8(V) length: 1.410e+03um, number of vias: 51
M9(H) length: 1.240e+03um, number of vias: 20
M10(V) length: 8.812e+01um, number of vias: 12
M11(H) length: 2.234e+02um

